Archive member included to satisfy reference by file (symbol)

../../libopencm3/lib/libopencm3_stm32l0.a(rcc.o)
                              HAL.o (rcc_osc_on)
../../libopencm3/lib/libopencm3_stm32l0.a(timer_common_all.o)
                              HAL.o (timer_reset)
../../libopencm3/lib/libopencm3_stm32l0.a(gpio_common_all.o)
                              comm.o (gpio_set)
../../libopencm3/lib/libopencm3_stm32l0.a(gpio_common_f0234.o)
                              HAL.o (gpio_mode_setup)
../../libopencm3/lib/libopencm3_stm32l0.a(rcc_common_all.o)
                              HAL.o (rcc_peripheral_enable_clock)
../../libopencm3/lib/libopencm3_stm32l0.a(adc_common_v2.o)
                              main.o (adc_eoc)
../../libopencm3/lib/libopencm3_stm32l0.a(exti_common_all.o)
                              HAL.o (exti_set_trigger)
../../libopencm3/lib/libopencm3_stm32l0.a(vector.o)
                              (reset_handler)
../../libopencm3/lib/libopencm3_stm32l0.a(systick.o)
                              HAL.o (systick_set_reload)
../../libopencm3/lib/libopencm3_stm32l0.a(nvic.o)
                              HAL.o (nvic_enable_irq)
../../libopencm3/lib/libopencm3_stm32l0.a(assert.o)
                              ../../libopencm3/lib/libopencm3_stm32l0.a(rcc.o) (cm3_assert_failed)
/usr/lib/gcc/arm-none-eabi/4.9.3/armv6-m/libgcc.a(_thumb1_case_sqi.o)
                              ../../libopencm3/lib/libopencm3_stm32l0.a(timer_common_all.o) (__gnu_thumb1_case_sqi)
/usr/lib/gcc/arm-none-eabi/4.9.3/armv6-m/libgcc.a(_thumb1_case_uqi.o)
                              ../../libopencm3/lib/libopencm3_stm32l0.a(rcc.o) (__gnu_thumb1_case_uqi)
/usr/lib/gcc/arm-none-eabi/4.9.3/armv6-m/libgcc.a(_udivsi3.o)
                              ../../libopencm3/lib/libopencm3_stm32l0.a(systick.o) (__aeabi_uidiv)
/usr/lib/gcc/arm-none-eabi/4.9.3/armv6-m/libgcc.a(_divsi3.o)
                              main.o (__aeabi_idiv)
/usr/lib/gcc/arm-none-eabi/4.9.3/armv6-m/libgcc.a(_dvmd_tls.o)
                              /usr/lib/gcc/arm-none-eabi/4.9.3/armv6-m/libgcc.a(_udivsi3.o) (__aeabi_idiv0)

Discarded input sections

 .text          0x0000000000000000        0x0 comm.o
 .data          0x0000000000000000        0x0 comm.o
 .bss           0x0000000000000000        0x0 comm.o
 .bss.all_write_buffer_ready
                0x0000000000000000        0x1 comm.o
 .bss.downstream_write_buffer_ready
                0x0000000000000000        0x1 comm.o
 .bss.all_write_buffer
                0x0000000000000000        0x4 comm.o
 .bss.write_count
                0x0000000000000000        0x1 comm.o
 .data.nid_i    0x0000000000000000        0x1 comm.o
 .bss.downstream_write_buffer
                0x0000000000000000        0x4 comm.o
 .bss.nid_write_buffer_ready
                0x0000000000000000        0x1 comm.o
 .bss.nid_write_buffer
                0x0000000000000000        0x4 comm.o
 .text          0x0000000000000000        0x0 HAL.o
 .data          0x0000000000000000        0x0 HAL.o
 .bss           0x0000000000000000        0x0 HAL.o
 .data.channel_array
                0x0000000000000000        0x3 HAL.o
 .bss.toggle    0x0000000000000000        0x1 HAL.o
 .text          0x0000000000000000        0x0 neuron.o
 .data          0x0000000000000000        0x0 neuron.o
 .bss           0x0000000000000000        0x0 neuron.o
 .text.incrementHebbTime
                0x0000000000000000       0x54 neuron.o
 .text.dendriteSwitchOff
                0x0000000000000000       0x22 neuron.o
 .text.dendriteDecayStep
                0x0000000000000000       0x20 neuron.o
 .text.calcNeuronPotential
                0x0000000000000000       0x34 neuron.o
 .text          0x0000000000000000        0x0 main.o
 .data          0x0000000000000000        0x0 main.o
 .bss           0x0000000000000000        0x0 main.o
 .bss.fire_time
                0x0000000000000000        0x4 main.o
 .data.zero_freq
                0x0000000000000000        0x4 main.o
 .bss.fire_led  0x0000000000000000        0x4 main.o
 .group         0x0000000000000000        0x8 ../../libopencm3/lib/libopencm3_stm32l0.a(rcc.o)
 .group         0x0000000000000000        0x8 ../../libopencm3/lib/libopencm3_stm32l0.a(rcc.o)
 .group         0x0000000000000000        0x8 ../../libopencm3/lib/libopencm3_stm32l0.a(rcc.o)
 .group         0x0000000000000000        0x8 ../../libopencm3/lib/libopencm3_stm32l0.a(rcc.o)
 .group         0x0000000000000000        0x8 ../../libopencm3/lib/libopencm3_stm32l0.a(rcc.o)
 .group         0x0000000000000000        0x8 ../../libopencm3/lib/libopencm3_stm32l0.a(rcc.o)
 .group         0x0000000000000000        0x8 ../../libopencm3/lib/libopencm3_stm32l0.a(rcc.o)
 .group         0x0000000000000000        0x8 ../../libopencm3/lib/libopencm3_stm32l0.a(rcc.o)
 .group         0x0000000000000000        0x8 ../../libopencm3/lib/libopencm3_stm32l0.a(rcc.o)
 .group         0x0000000000000000        0x8 ../../libopencm3/lib/libopencm3_stm32l0.a(rcc.o)
 .group         0x0000000000000000        0x8 ../../libopencm3/lib/libopencm3_stm32l0.a(rcc.o)
 .group         0x0000000000000000        0x8 ../../libopencm3/lib/libopencm3_stm32l0.a(rcc.o)
 .text          0x0000000000000000        0x0 ../../libopencm3/lib/libopencm3_stm32l0.a(rcc.o)
 .data          0x0000000000000000        0x0 ../../libopencm3/lib/libopencm3_stm32l0.a(rcc.o)
 .bss           0x0000000000000000        0x0 ../../libopencm3/lib/libopencm3_stm32l0.a(rcc.o)
 .text.rcc_osc_off
                0x0000000000000000       0x5c ../../libopencm3/lib/libopencm3_stm32l0.a(rcc.o)
 .text.rcc_osc_bypass_enable
                0x0000000000000000       0x28 ../../libopencm3/lib/libopencm3_stm32l0.a(rcc.o)
 .text.rcc_osc_bypass_disable
                0x0000000000000000       0x2c ../../libopencm3/lib/libopencm3_stm32l0.a(rcc.o)
 .text.rcc_osc_ready_int_clear
                0x0000000000000000       0x3c ../../libopencm3/lib/libopencm3_stm32l0.a(rcc.o)
 .text.rcc_osc_ready_int_enable
                0x0000000000000000       0x3c ../../libopencm3/lib/libopencm3_stm32l0.a(rcc.o)
 .text.rcc_osc_ready_int_disable
                0x0000000000000000       0x3c ../../libopencm3/lib/libopencm3_stm32l0.a(rcc.o)
 .text.rcc_osc_ready_int_flag
                0x0000000000000000       0x48 ../../libopencm3/lib/libopencm3_stm32l0.a(rcc.o)
 .text.rcc_is_osc_ready
                0x0000000000000000       0x58 ../../libopencm3/lib/libopencm3_stm32l0.a(rcc.o)
 .text.rcc_wait_for_osc_ready
                0x0000000000000000       0x10 ../../libopencm3/lib/libopencm3_stm32l0.a(rcc.o)
 .text.rcc_set_hsi48_source_rc48
                0x0000000000000000       0x14 ../../libopencm3/lib/libopencm3_stm32l0.a(rcc.o)
 .text.rcc_set_hsi48_source_pll
                0x0000000000000000       0x14 ../../libopencm3/lib/libopencm3_stm32l0.a(rcc.o)
 .text.rcc_set_pll_multiplier
                0x0000000000000000       0x18 ../../libopencm3/lib/libopencm3_stm32l0.a(rcc.o)
 .text.rcc_set_pll_divider
                0x0000000000000000       0x18 ../../libopencm3/lib/libopencm3_stm32l0.a(rcc.o)
 .text.rcc_set_ppre1
                0x0000000000000000       0x18 ../../libopencm3/lib/libopencm3_stm32l0.a(rcc.o)
 .text.rcc_set_ppre2
                0x0000000000000000       0x18 ../../libopencm3/lib/libopencm3_stm32l0.a(rcc.o)
 .text.rcc_set_hpre
                0x0000000000000000       0x14 ../../libopencm3/lib/libopencm3_stm32l0.a(rcc.o)
 .group         0x0000000000000000        0x8 ../../libopencm3/lib/libopencm3_stm32l0.a(timer_common_all.o)
 .group         0x0000000000000000        0x8 ../../libopencm3/lib/libopencm3_stm32l0.a(timer_common_all.o)
 .group         0x0000000000000000        0x8 ../../libopencm3/lib/libopencm3_stm32l0.a(timer_common_all.o)
 .group         0x0000000000000000        0x8 ../../libopencm3/lib/libopencm3_stm32l0.a(timer_common_all.o)
 .group         0x0000000000000000        0x8 ../../libopencm3/lib/libopencm3_stm32l0.a(timer_common_all.o)
 .group         0x0000000000000000        0x8 ../../libopencm3/lib/libopencm3_stm32l0.a(timer_common_all.o)
 .group         0x0000000000000000        0x8 ../../libopencm3/lib/libopencm3_stm32l0.a(timer_common_all.o)
 .group         0x0000000000000000        0x8 ../../libopencm3/lib/libopencm3_stm32l0.a(timer_common_all.o)
 .group         0x0000000000000000        0x8 ../../libopencm3/lib/libopencm3_stm32l0.a(timer_common_all.o)
 .group         0x0000000000000000        0x8 ../../libopencm3/lib/libopencm3_stm32l0.a(timer_common_all.o)
 .group         0x0000000000000000        0x8 ../../libopencm3/lib/libopencm3_stm32l0.a(timer_common_all.o)
 .group         0x0000000000000000        0x8 ../../libopencm3/lib/libopencm3_stm32l0.a(timer_common_all.o)
 .group         0x0000000000000000        0x8 ../../libopencm3/lib/libopencm3_stm32l0.a(timer_common_all.o)
 .text          0x0000000000000000        0x0 ../../libopencm3/lib/libopencm3_stm32l0.a(timer_common_all.o)
 .data          0x0000000000000000        0x0 ../../libopencm3/lib/libopencm3_stm32l0.a(timer_common_all.o)
 .bss           0x0000000000000000        0x0 ../../libopencm3/lib/libopencm3_stm32l0.a(timer_common_all.o)
 .text.timer_disable_irq
                0x0000000000000000        0x8 ../../libopencm3/lib/libopencm3_stm32l0.a(timer_common_all.o)
 .text.timer_interrupt_source
                0x0000000000000000       0x16 ../../libopencm3/lib/libopencm3_stm32l0.a(timer_common_all.o)
 .text.timer_set_clock_division
                0x0000000000000000       0x1c ../../libopencm3/lib/libopencm3_stm32l0.a(timer_common_all.o)
 .text.timer_enable_preload
                0x0000000000000000        0xa ../../libopencm3/lib/libopencm3_stm32l0.a(timer_common_all.o)
 .text.timer_disable_preload
                0x0000000000000000        0xa ../../libopencm3/lib/libopencm3_stm32l0.a(timer_common_all.o)
 .text.timer_set_alignment
                0x0000000000000000       0x12 ../../libopencm3/lib/libopencm3_stm32l0.a(timer_common_all.o)
 .text.timer_direction_up
                0x0000000000000000        0xa ../../libopencm3/lib/libopencm3_stm32l0.a(timer_common_all.o)
 .text.timer_direction_down
                0x0000000000000000        0xa ../../libopencm3/lib/libopencm3_stm32l0.a(timer_common_all.o)
 .text.timer_one_shot_mode
                0x0000000000000000        0xa ../../libopencm3/lib/libopencm3_stm32l0.a(timer_common_all.o)
 .text.timer_continuous_mode
                0x0000000000000000        0xa ../../libopencm3/lib/libopencm3_stm32l0.a(timer_common_all.o)
 .text.timer_update_on_any
                0x0000000000000000        0xa ../../libopencm3/lib/libopencm3_stm32l0.a(timer_common_all.o)
 .text.timer_update_on_overflow
                0x0000000000000000        0xa ../../libopencm3/lib/libopencm3_stm32l0.a(timer_common_all.o)
 .text.timer_enable_update_event
                0x0000000000000000        0xa ../../libopencm3/lib/libopencm3_stm32l0.a(timer_common_all.o)
 .text.timer_disable_update_event
                0x0000000000000000        0xa ../../libopencm3/lib/libopencm3_stm32l0.a(timer_common_all.o)
 .text.timer_disable_counter
                0x0000000000000000        0xa ../../libopencm3/lib/libopencm3_stm32l0.a(timer_common_all.o)
 .text.timer_set_output_idle_state
                0x0000000000000000        0x2 ../../libopencm3/lib/libopencm3_stm32l0.a(timer_common_all.o)
 .text.timer_reset_output_idle_state
                0x0000000000000000        0x2 ../../libopencm3/lib/libopencm3_stm32l0.a(timer_common_all.o)
 .text.timer_set_ti1_ch123_xor
                0x0000000000000000        0xa ../../libopencm3/lib/libopencm3_stm32l0.a(timer_common_all.o)
 .text.timer_set_ti1_ch1
                0x0000000000000000        0xa ../../libopencm3/lib/libopencm3_stm32l0.a(timer_common_all.o)
 .text.timer_set_master_mode
                0x0000000000000000       0x10 ../../libopencm3/lib/libopencm3_stm32l0.a(timer_common_all.o)
 .text.timer_set_dma_on_compare_event
                0x0000000000000000        0xa ../../libopencm3/lib/libopencm3_stm32l0.a(timer_common_all.o)
 .text.timer_set_dma_on_update_event
                0x0000000000000000        0xa ../../libopencm3/lib/libopencm3_stm32l0.a(timer_common_all.o)
 .text.timer_enable_compare_control_update_on_trigger
                0x0000000000000000        0x2 ../../libopencm3/lib/libopencm3_stm32l0.a(timer_common_all.o)
 .text.timer_disable_compare_control_update_on_trigger
                0x0000000000000000        0x2 ../../libopencm3/lib/libopencm3_stm32l0.a(timer_common_all.o)
 .text.timer_enable_preload_complementry_enable_bits
                0x0000000000000000        0x2 ../../libopencm3/lib/libopencm3_stm32l0.a(timer_common_all.o)
 .text.timer_disable_preload_complementry_enable_bits
                0x0000000000000000        0x2 ../../libopencm3/lib/libopencm3_stm32l0.a(timer_common_all.o)
 .text.timer_set_repetition_counter
                0x0000000000000000        0x2 ../../libopencm3/lib/libopencm3_stm32l0.a(timer_common_all.o)
 .text.timer_enable_oc_clear
                0x0000000000000000       0x3a ../../libopencm3/lib/libopencm3_stm32l0.a(timer_common_all.o)
 .text.timer_disable_oc_clear
                0x0000000000000000       0x40 ../../libopencm3/lib/libopencm3_stm32l0.a(timer_common_all.o)
 .text.timer_set_oc_fast_mode
                0x0000000000000000       0x3a ../../libopencm3/lib/libopencm3_stm32l0.a(timer_common_all.o)
 .text.timer_set_oc_slow_mode
                0x0000000000000000       0x40 ../../libopencm3/lib/libopencm3_stm32l0.a(timer_common_all.o)
 .text.timer_enable_oc_preload
                0x0000000000000000       0x3a ../../libopencm3/lib/libopencm3_stm32l0.a(timer_common_all.o)
 .text.timer_disable_oc_preload
                0x0000000000000000       0x40 ../../libopencm3/lib/libopencm3_stm32l0.a(timer_common_all.o)
 .text.timer_set_oc_polarity_high
                0x0000000000000000       0x3c ../../libopencm3/lib/libopencm3_stm32l0.a(timer_common_all.o)
 .text.timer_set_oc_polarity_low
                0x0000000000000000       0x36 ../../libopencm3/lib/libopencm3_stm32l0.a(timer_common_all.o)
 .text.timer_disable_oc_output
                0x0000000000000000       0x3c ../../libopencm3/lib/libopencm3_stm32l0.a(timer_common_all.o)
 .text.timer_set_oc_idle_state_set
                0x0000000000000000        0x2 ../../libopencm3/lib/libopencm3_stm32l0.a(timer_common_all.o)
 .text.timer_set_oc_idle_state_unset
                0x0000000000000000        0x2 ../../libopencm3/lib/libopencm3_stm32l0.a(timer_common_all.o)
 .text.timer_enable_break_main_output
                0x0000000000000000        0x2 ../../libopencm3/lib/libopencm3_stm32l0.a(timer_common_all.o)
 .text.timer_disable_break_main_output
                0x0000000000000000        0x2 ../../libopencm3/lib/libopencm3_stm32l0.a(timer_common_all.o)
 .text.timer_enable_break_automatic_output
                0x0000000000000000        0x2 ../../libopencm3/lib/libopencm3_stm32l0.a(timer_common_all.o)
 .text.timer_disable_break_automatic_output
                0x0000000000000000        0x2 ../../libopencm3/lib/libopencm3_stm32l0.a(timer_common_all.o)
 .text.timer_set_break_polarity_high
                0x0000000000000000        0x2 ../../libopencm3/lib/libopencm3_stm32l0.a(timer_common_all.o)
 .text.timer_set_break_polarity_low
                0x0000000000000000        0x2 ../../libopencm3/lib/libopencm3_stm32l0.a(timer_common_all.o)
 .text.timer_enable_break
                0x0000000000000000        0x2 ../../libopencm3/lib/libopencm3_stm32l0.a(timer_common_all.o)
 .text.timer_disable_break
                0x0000000000000000        0x2 ../../libopencm3/lib/libopencm3_stm32l0.a(timer_common_all.o)
 .text.timer_set_enabled_off_state_in_run_mode
                0x0000000000000000        0x2 ../../libopencm3/lib/libopencm3_stm32l0.a(timer_common_all.o)
 .text.timer_set_disabled_off_state_in_run_mode
                0x0000000000000000        0x2 ../../libopencm3/lib/libopencm3_stm32l0.a(timer_common_all.o)
 .text.timer_set_enabled_off_state_in_idle_mode
                0x0000000000000000        0x2 ../../libopencm3/lib/libopencm3_stm32l0.a(timer_common_all.o)
 .text.timer_set_disabled_off_state_in_idle_mode
                0x0000000000000000        0x2 ../../libopencm3/lib/libopencm3_stm32l0.a(timer_common_all.o)
 .text.timer_set_break_lock
                0x0000000000000000        0x2 ../../libopencm3/lib/libopencm3_stm32l0.a(timer_common_all.o)
 .text.timer_set_deadtime
                0x0000000000000000        0x2 ../../libopencm3/lib/libopencm3_stm32l0.a(timer_common_all.o)
 .text.timer_generate_event
                0x0000000000000000        0x8 ../../libopencm3/lib/libopencm3_stm32l0.a(timer_common_all.o)
 .text.timer_get_counter
                0x0000000000000000        0x4 ../../libopencm3/lib/libopencm3_stm32l0.a(timer_common_all.o)
 .text.timer_set_counter
                0x0000000000000000        0x4 ../../libopencm3/lib/libopencm3_stm32l0.a(timer_common_all.o)
 .text.timer_ic_set_filter
                0x0000000000000000       0x58 ../../libopencm3/lib/libopencm3_stm32l0.a(timer_common_all.o)
 .text.timer_ic_set_prescaler
                0x0000000000000000       0x58 ../../libopencm3/lib/libopencm3_stm32l0.a(timer_common_all.o)
 .text.timer_ic_set_input
                0x0000000000000000       0x68 ../../libopencm3/lib/libopencm3_stm32l0.a(timer_common_all.o)
 .text.timer_ic_enable
                0x0000000000000000       0x12 ../../libopencm3/lib/libopencm3_stm32l0.a(timer_common_all.o)
 .text.timer_ic_disable
                0x0000000000000000        0xe ../../libopencm3/lib/libopencm3_stm32l0.a(timer_common_all.o)
 .text.timer_slave_set_filter
                0x0000000000000000       0x18 ../../libopencm3/lib/libopencm3_stm32l0.a(timer_common_all.o)
 .text.timer_slave_set_prescaler
                0x0000000000000000       0x18 ../../libopencm3/lib/libopencm3_stm32l0.a(timer_common_all.o)
 .text.timer_slave_set_polarity
                0x0000000000000000       0x1c ../../libopencm3/lib/libopencm3_stm32l0.a(timer_common_all.o)
 .text.timer_slave_set_mode
                0x0000000000000000       0x10 ../../libopencm3/lib/libopencm3_stm32l0.a(timer_common_all.o)
 .text.timer_slave_set_trigger
                0x0000000000000000       0x10 ../../libopencm3/lib/libopencm3_stm32l0.a(timer_common_all.o)
 .debug_macro   0x0000000000000000      0x82c ../../libopencm3/lib/libopencm3_stm32l0.a(timer_common_all.o)
 .debug_macro   0x0000000000000000       0x22 ../../libopencm3/lib/libopencm3_stm32l0.a(timer_common_all.o)
 .debug_macro   0x0000000000000000       0x44 ../../libopencm3/lib/libopencm3_stm32l0.a(timer_common_all.o)
 .debug_macro   0x0000000000000000       0xe3 ../../libopencm3/lib/libopencm3_stm32l0.a(timer_common_all.o)
 .debug_macro   0x0000000000000000       0x22 ../../libopencm3/lib/libopencm3_stm32l0.a(timer_common_all.o)
 .debug_macro   0x0000000000000000      0x1df ../../libopencm3/lib/libopencm3_stm32l0.a(timer_common_all.o)
 .debug_macro   0x0000000000000000       0x22 ../../libopencm3/lib/libopencm3_stm32l0.a(timer_common_all.o)
 .debug_macro   0x0000000000000000       0xfa ../../libopencm3/lib/libopencm3_stm32l0.a(timer_common_all.o)
 .debug_macro   0x0000000000000000       0x34 ../../libopencm3/lib/libopencm3_stm32l0.a(timer_common_all.o)
 .debug_macro   0x0000000000000000      0x148 ../../libopencm3/lib/libopencm3_stm32l0.a(timer_common_all.o)
 .debug_macro   0x0000000000000000      0x922 ../../libopencm3/lib/libopencm3_stm32l0.a(timer_common_all.o)
 .group         0x0000000000000000        0x8 ../../libopencm3/lib/libopencm3_stm32l0.a(gpio_common_all.o)
 .group         0x0000000000000000        0x8 ../../libopencm3/lib/libopencm3_stm32l0.a(gpio_common_all.o)
 .group         0x0000000000000000        0x8 ../../libopencm3/lib/libopencm3_stm32l0.a(gpio_common_all.o)
 .group         0x0000000000000000        0x8 ../../libopencm3/lib/libopencm3_stm32l0.a(gpio_common_all.o)
 .group         0x0000000000000000        0x8 ../../libopencm3/lib/libopencm3_stm32l0.a(gpio_common_all.o)
 .group         0x0000000000000000        0x8 ../../libopencm3/lib/libopencm3_stm32l0.a(gpio_common_all.o)
 .group         0x0000000000000000        0x8 ../../libopencm3/lib/libopencm3_stm32l0.a(gpio_common_all.o)
 .group         0x0000000000000000        0x8 ../../libopencm3/lib/libopencm3_stm32l0.a(gpio_common_all.o)
 .group         0x0000000000000000        0x8 ../../libopencm3/lib/libopencm3_stm32l0.a(gpio_common_all.o)
 .group         0x0000000000000000        0x8 ../../libopencm3/lib/libopencm3_stm32l0.a(gpio_common_all.o)
 .group         0x0000000000000000        0x8 ../../libopencm3/lib/libopencm3_stm32l0.a(gpio_common_all.o)
 .group         0x0000000000000000        0x8 ../../libopencm3/lib/libopencm3_stm32l0.a(gpio_common_all.o)
 .group         0x0000000000000000        0x8 ../../libopencm3/lib/libopencm3_stm32l0.a(gpio_common_all.o)
 .group         0x0000000000000000        0x8 ../../libopencm3/lib/libopencm3_stm32l0.a(gpio_common_all.o)
 .text          0x0000000000000000        0x0 ../../libopencm3/lib/libopencm3_stm32l0.a(gpio_common_all.o)
 .data          0x0000000000000000        0x0 ../../libopencm3/lib/libopencm3_stm32l0.a(gpio_common_all.o)
 .bss           0x0000000000000000        0x0 ../../libopencm3/lib/libopencm3_stm32l0.a(gpio_common_all.o)
 .text.gpio_toggle
                0x0000000000000000       0x10 ../../libopencm3/lib/libopencm3_stm32l0.a(gpio_common_all.o)
 .text.gpio_port_read
                0x0000000000000000        0x6 ../../libopencm3/lib/libopencm3_stm32l0.a(gpio_common_all.o)
 .text.gpio_port_write
                0x0000000000000000        0x4 ../../libopencm3/lib/libopencm3_stm32l0.a(gpio_common_all.o)
 .text.gpio_port_config_lock
                0x0000000000000000       0x12 ../../libopencm3/lib/libopencm3_stm32l0.a(gpio_common_all.o)
 .debug_macro   0x0000000000000000      0x82c ../../libopencm3/lib/libopencm3_stm32l0.a(gpio_common_all.o)
 .debug_macro   0x0000000000000000       0x22 ../../libopencm3/lib/libopencm3_stm32l0.a(gpio_common_all.o)
 .debug_macro   0x0000000000000000       0x44 ../../libopencm3/lib/libopencm3_stm32l0.a(gpio_common_all.o)
 .debug_macro   0x0000000000000000       0xe3 ../../libopencm3/lib/libopencm3_stm32l0.a(gpio_common_all.o)
 .debug_macro   0x0000000000000000       0x22 ../../libopencm3/lib/libopencm3_stm32l0.a(gpio_common_all.o)
 .debug_macro   0x0000000000000000      0x1df ../../libopencm3/lib/libopencm3_stm32l0.a(gpio_common_all.o)
 .debug_macro   0x0000000000000000       0x22 ../../libopencm3/lib/libopencm3_stm32l0.a(gpio_common_all.o)
 .debug_macro   0x0000000000000000       0xfa ../../libopencm3/lib/libopencm3_stm32l0.a(gpio_common_all.o)
 .debug_macro   0x0000000000000000       0x34 ../../libopencm3/lib/libopencm3_stm32l0.a(gpio_common_all.o)
 .debug_macro   0x0000000000000000      0x148 ../../libopencm3/lib/libopencm3_stm32l0.a(gpio_common_all.o)
 .group         0x0000000000000000        0x8 ../../libopencm3/lib/libopencm3_stm32l0.a(gpio_common_f0234.o)
 .group         0x0000000000000000        0x8 ../../libopencm3/lib/libopencm3_stm32l0.a(gpio_common_f0234.o)
 .group         0x0000000000000000        0x8 ../../libopencm3/lib/libopencm3_stm32l0.a(gpio_common_f0234.o)
 .group         0x0000000000000000        0x8 ../../libopencm3/lib/libopencm3_stm32l0.a(gpio_common_f0234.o)
 .group         0x0000000000000000        0x8 ../../libopencm3/lib/libopencm3_stm32l0.a(gpio_common_f0234.o)
 .group         0x0000000000000000        0x8 ../../libopencm3/lib/libopencm3_stm32l0.a(gpio_common_f0234.o)
 .group         0x0000000000000000        0x8 ../../libopencm3/lib/libopencm3_stm32l0.a(gpio_common_f0234.o)
 .group         0x0000000000000000        0x8 ../../libopencm3/lib/libopencm3_stm32l0.a(gpio_common_f0234.o)
 .group         0x0000000000000000        0x8 ../../libopencm3/lib/libopencm3_stm32l0.a(gpio_common_f0234.o)
 .group         0x0000000000000000        0x8 ../../libopencm3/lib/libopencm3_stm32l0.a(gpio_common_f0234.o)
 .group         0x0000000000000000        0x8 ../../libopencm3/lib/libopencm3_stm32l0.a(gpio_common_f0234.o)
 .group         0x0000000000000000        0x8 ../../libopencm3/lib/libopencm3_stm32l0.a(gpio_common_f0234.o)
 .group         0x0000000000000000        0x8 ../../libopencm3/lib/libopencm3_stm32l0.a(gpio_common_f0234.o)
 .group         0x0000000000000000        0x8 ../../libopencm3/lib/libopencm3_stm32l0.a(gpio_common_f0234.o)
 .text          0x0000000000000000        0x0 ../../libopencm3/lib/libopencm3_stm32l0.a(gpio_common_f0234.o)
 .data          0x0000000000000000        0x0 ../../libopencm3/lib/libopencm3_stm32l0.a(gpio_common_f0234.o)
 .bss           0x0000000000000000        0x0 ../../libopencm3/lib/libopencm3_stm32l0.a(gpio_common_f0234.o)
 .debug_macro   0x0000000000000000      0x82c ../../libopencm3/lib/libopencm3_stm32l0.a(gpio_common_f0234.o)
 .debug_macro   0x0000000000000000       0x22 ../../libopencm3/lib/libopencm3_stm32l0.a(gpio_common_f0234.o)
 .debug_macro   0x0000000000000000       0x44 ../../libopencm3/lib/libopencm3_stm32l0.a(gpio_common_f0234.o)
 .debug_macro   0x0000000000000000       0xe3 ../../libopencm3/lib/libopencm3_stm32l0.a(gpio_common_f0234.o)
 .debug_macro   0x0000000000000000       0x22 ../../libopencm3/lib/libopencm3_stm32l0.a(gpio_common_f0234.o)
 .debug_macro   0x0000000000000000      0x1df ../../libopencm3/lib/libopencm3_stm32l0.a(gpio_common_f0234.o)
 .debug_macro   0x0000000000000000       0x22 ../../libopencm3/lib/libopencm3_stm32l0.a(gpio_common_f0234.o)
 .debug_macro   0x0000000000000000       0xfa ../../libopencm3/lib/libopencm3_stm32l0.a(gpio_common_f0234.o)
 .debug_macro   0x0000000000000000       0x34 ../../libopencm3/lib/libopencm3_stm32l0.a(gpio_common_f0234.o)
 .debug_macro   0x0000000000000000      0x148 ../../libopencm3/lib/libopencm3_stm32l0.a(gpio_common_f0234.o)
 .debug_macro   0x0000000000000000       0x76 ../../libopencm3/lib/libopencm3_stm32l0.a(gpio_common_f0234.o)
 .debug_macro   0x0000000000000000      0x2e6 ../../libopencm3/lib/libopencm3_stm32l0.a(gpio_common_f0234.o)
 .debug_macro   0x0000000000000000      0x14e ../../libopencm3/lib/libopencm3_stm32l0.a(gpio_common_f0234.o)
 .debug_macro   0x0000000000000000       0x3a ../../libopencm3/lib/libopencm3_stm32l0.a(gpio_common_f0234.o)
 .group         0x0000000000000000        0x8 ../../libopencm3/lib/libopencm3_stm32l0.a(rcc_common_all.o)
 .group         0x0000000000000000        0x8 ../../libopencm3/lib/libopencm3_stm32l0.a(rcc_common_all.o)
 .group         0x0000000000000000        0x8 ../../libopencm3/lib/libopencm3_stm32l0.a(rcc_common_all.o)
 .group         0x0000000000000000        0x8 ../../libopencm3/lib/libopencm3_stm32l0.a(rcc_common_all.o)
 .group         0x0000000000000000        0x8 ../../libopencm3/lib/libopencm3_stm32l0.a(rcc_common_all.o)
 .group         0x0000000000000000        0x8 ../../libopencm3/lib/libopencm3_stm32l0.a(rcc_common_all.o)
 .group         0x0000000000000000        0x8 ../../libopencm3/lib/libopencm3_stm32l0.a(rcc_common_all.o)
 .group         0x0000000000000000        0x8 ../../libopencm3/lib/libopencm3_stm32l0.a(rcc_common_all.o)
 .group         0x0000000000000000        0x8 ../../libopencm3/lib/libopencm3_stm32l0.a(rcc_common_all.o)
 .group         0x0000000000000000        0x8 ../../libopencm3/lib/libopencm3_stm32l0.a(rcc_common_all.o)
 .group         0x0000000000000000        0x8 ../../libopencm3/lib/libopencm3_stm32l0.a(rcc_common_all.o)
 .text          0x0000000000000000        0x0 ../../libopencm3/lib/libopencm3_stm32l0.a(rcc_common_all.o)
 .data          0x0000000000000000        0x0 ../../libopencm3/lib/libopencm3_stm32l0.a(rcc_common_all.o)
 .bss           0x0000000000000000        0x0 ../../libopencm3/lib/libopencm3_stm32l0.a(rcc_common_all.o)
 .text.rcc_peripheral_disable_clock
                0x0000000000000000        0x8 ../../libopencm3/lib/libopencm3_stm32l0.a(rcc_common_all.o)
 .text.rcc_peripheral_reset
                0x0000000000000000        0x8 ../../libopencm3/lib/libopencm3_stm32l0.a(rcc_common_all.o)
 .text.rcc_peripheral_clear_reset
                0x0000000000000000        0x8 ../../libopencm3/lib/libopencm3_stm32l0.a(rcc_common_all.o)
 .text.rcc_periph_clock_disable
                0x0000000000000000       0x1c ../../libopencm3/lib/libopencm3_stm32l0.a(rcc_common_all.o)
 .text.rcc_periph_reset_hold
                0x0000000000000000       0x20 ../../libopencm3/lib/libopencm3_stm32l0.a(rcc_common_all.o)
 .text.rcc_periph_reset_release
                0x0000000000000000       0x1c ../../libopencm3/lib/libopencm3_stm32l0.a(rcc_common_all.o)
 .text.rcc_set_mco
                0x0000000000000000       0x18 ../../libopencm3/lib/libopencm3_stm32l0.a(rcc_common_all.o)
 .debug_macro   0x0000000000000000      0x82c ../../libopencm3/lib/libopencm3_stm32l0.a(rcc_common_all.o)
 .debug_macro   0x0000000000000000       0x22 ../../libopencm3/lib/libopencm3_stm32l0.a(rcc_common_all.o)
 .debug_macro   0x0000000000000000       0x44 ../../libopencm3/lib/libopencm3_stm32l0.a(rcc_common_all.o)
 .debug_macro   0x0000000000000000       0xe3 ../../libopencm3/lib/libopencm3_stm32l0.a(rcc_common_all.o)
 .debug_macro   0x0000000000000000       0x22 ../../libopencm3/lib/libopencm3_stm32l0.a(rcc_common_all.o)
 .debug_macro   0x0000000000000000      0x1df ../../libopencm3/lib/libopencm3_stm32l0.a(rcc_common_all.o)
 .debug_macro   0x0000000000000000       0x22 ../../libopencm3/lib/libopencm3_stm32l0.a(rcc_common_all.o)
 .debug_macro   0x0000000000000000       0xfa ../../libopencm3/lib/libopencm3_stm32l0.a(rcc_common_all.o)
 .debug_macro   0x0000000000000000       0x34 ../../libopencm3/lib/libopencm3_stm32l0.a(rcc_common_all.o)
 .debug_macro   0x0000000000000000      0x148 ../../libopencm3/lib/libopencm3_stm32l0.a(rcc_common_all.o)
 .debug_macro   0x0000000000000000      0x922 ../../libopencm3/lib/libopencm3_stm32l0.a(rcc_common_all.o)
 .group         0x0000000000000000        0x8 ../../libopencm3/lib/libopencm3_stm32l0.a(adc_common_v2.o)
 .group         0x0000000000000000        0x8 ../../libopencm3/lib/libopencm3_stm32l0.a(adc_common_v2.o)
 .group         0x0000000000000000        0x8 ../../libopencm3/lib/libopencm3_stm32l0.a(adc_common_v2.o)
 .group         0x0000000000000000        0x8 ../../libopencm3/lib/libopencm3_stm32l0.a(adc_common_v2.o)
 .group         0x0000000000000000        0x8 ../../libopencm3/lib/libopencm3_stm32l0.a(adc_common_v2.o)
 .group         0x0000000000000000        0x8 ../../libopencm3/lib/libopencm3_stm32l0.a(adc_common_v2.o)
 .group         0x0000000000000000        0x8 ../../libopencm3/lib/libopencm3_stm32l0.a(adc_common_v2.o)
 .group         0x0000000000000000        0x8 ../../libopencm3/lib/libopencm3_stm32l0.a(adc_common_v2.o)
 .group         0x0000000000000000        0x8 ../../libopencm3/lib/libopencm3_stm32l0.a(adc_common_v2.o)
 .group         0x0000000000000000        0x8 ../../libopencm3/lib/libopencm3_stm32l0.a(adc_common_v2.o)
 .group         0x0000000000000000        0x8 ../../libopencm3/lib/libopencm3_stm32l0.a(adc_common_v2.o)
 .group         0x0000000000000000        0x8 ../../libopencm3/lib/libopencm3_stm32l0.a(adc_common_v2.o)
 .group         0x0000000000000000        0x8 ../../libopencm3/lib/libopencm3_stm32l0.a(adc_common_v2.o)
 .text          0x0000000000000000        0x0 ../../libopencm3/lib/libopencm3_stm32l0.a(adc_common_v2.o)
 .data          0x0000000000000000        0x0 ../../libopencm3/lib/libopencm3_stm32l0.a(adc_common_v2.o)
 .bss           0x0000000000000000        0x0 ../../libopencm3/lib/libopencm3_stm32l0.a(adc_common_v2.o)
 .text.adc_eos  0x0000000000000000        0x8 ../../libopencm3/lib/libopencm3_stm32l0.a(adc_common_v2.o)
 .text.adc_is_power_on
                0x0000000000000000        0x8 ../../libopencm3/lib/libopencm3_stm32l0.a(adc_common_v2.o)
 .text.adc_calibrate_async
                0x0000000000000000        0x8 ../../libopencm3/lib/libopencm3_stm32l0.a(adc_common_v2.o)
 .text.adc_set_continuous_conversion_mode
                0x0000000000000000        0xc ../../libopencm3/lib/libopencm3_stm32l0.a(adc_common_v2.o)
 .text.adc_set_left_aligned
                0x0000000000000000        0xa ../../libopencm3/lib/libopencm3_stm32l0.a(adc_common_v2.o)
 .text.adc_enable_dma
                0x0000000000000000        0xa ../../libopencm3/lib/libopencm3_stm32l0.a(adc_common_v2.o)
 .text.adc_disable_dma
                0x0000000000000000        0xa ../../libopencm3/lib/libopencm3_stm32l0.a(adc_common_v2.o)
 .text.adc_enable_overrun_interrupt
                0x0000000000000000        0xa ../../libopencm3/lib/libopencm3_stm32l0.a(adc_common_v2.o)
 .text.adc_disable_overrun_interrupt
                0x0000000000000000        0xa ../../libopencm3/lib/libopencm3_stm32l0.a(adc_common_v2.o)
 .text.adc_get_overrun_flag
                0x0000000000000000        0x8 ../../libopencm3/lib/libopencm3_stm32l0.a(adc_common_v2.o)
 .text.adc_clear_overrun_flag
                0x0000000000000000        0x6 ../../libopencm3/lib/libopencm3_stm32l0.a(adc_common_v2.o)
 .text.adc_enable_eoc_interrupt
                0x0000000000000000        0xa ../../libopencm3/lib/libopencm3_stm32l0.a(adc_common_v2.o)
 .text.adc_disable_eoc_interrupt
                0x0000000000000000        0xa ../../libopencm3/lib/libopencm3_stm32l0.a(adc_common_v2.o)
 .text.adc_enable_temperature_sensor
                0x0000000000000000       0x14 ../../libopencm3/lib/libopencm3_stm32l0.a(adc_common_v2.o)
 .text.adc_disable_temperature_sensor
                0x0000000000000000       0x14 ../../libopencm3/lib/libopencm3_stm32l0.a(adc_common_v2.o)
 .text.adc_enable_vrefint
                0x0000000000000000       0x14 ../../libopencm3/lib/libopencm3_stm32l0.a(adc_common_v2.o)
 .text.adc_disable_vrefint
                0x0000000000000000       0x14 ../../libopencm3/lib/libopencm3_stm32l0.a(adc_common_v2.o)
 .debug_macro   0x0000000000000000      0x82c ../../libopencm3/lib/libopencm3_stm32l0.a(adc_common_v2.o)
 .debug_macro   0x0000000000000000       0x22 ../../libopencm3/lib/libopencm3_stm32l0.a(adc_common_v2.o)
 .debug_macro   0x0000000000000000       0x44 ../../libopencm3/lib/libopencm3_stm32l0.a(adc_common_v2.o)
 .debug_macro   0x0000000000000000       0xe3 ../../libopencm3/lib/libopencm3_stm32l0.a(adc_common_v2.o)
 .debug_macro   0x0000000000000000       0x22 ../../libopencm3/lib/libopencm3_stm32l0.a(adc_common_v2.o)
 .debug_macro   0x0000000000000000      0x1df ../../libopencm3/lib/libopencm3_stm32l0.a(adc_common_v2.o)
 .debug_macro   0x0000000000000000       0x22 ../../libopencm3/lib/libopencm3_stm32l0.a(adc_common_v2.o)
 .debug_macro   0x0000000000000000       0xfa ../../libopencm3/lib/libopencm3_stm32l0.a(adc_common_v2.o)
 .debug_macro   0x0000000000000000       0x34 ../../libopencm3/lib/libopencm3_stm32l0.a(adc_common_v2.o)
 .debug_macro   0x0000000000000000      0x148 ../../libopencm3/lib/libopencm3_stm32l0.a(adc_common_v2.o)
 .group         0x0000000000000000        0x8 ../../libopencm3/lib/libopencm3_stm32l0.a(exti_common_all.o)
 .group         0x0000000000000000        0x8 ../../libopencm3/lib/libopencm3_stm32l0.a(exti_common_all.o)
 .group         0x0000000000000000        0x8 ../../libopencm3/lib/libopencm3_stm32l0.a(exti_common_all.o)
 .group         0x0000000000000000        0x8 ../../libopencm3/lib/libopencm3_stm32l0.a(exti_common_all.o)
 .group         0x0000000000000000        0x8 ../../libopencm3/lib/libopencm3_stm32l0.a(exti_common_all.o)
 .group         0x0000000000000000        0x8 ../../libopencm3/lib/libopencm3_stm32l0.a(exti_common_all.o)
 .group         0x0000000000000000        0x8 ../../libopencm3/lib/libopencm3_stm32l0.a(exti_common_all.o)
 .group         0x0000000000000000        0x8 ../../libopencm3/lib/libopencm3_stm32l0.a(exti_common_all.o)
 .group         0x0000000000000000        0x8 ../../libopencm3/lib/libopencm3_stm32l0.a(exti_common_all.o)
 .group         0x0000000000000000        0x8 ../../libopencm3/lib/libopencm3_stm32l0.a(exti_common_all.o)
 .group         0x0000000000000000        0x8 ../../libopencm3/lib/libopencm3_stm32l0.a(exti_common_all.o)
 .group         0x0000000000000000        0x8 ../../libopencm3/lib/libopencm3_stm32l0.a(exti_common_all.o)
 .group         0x0000000000000000        0x8 ../../libopencm3/lib/libopencm3_stm32l0.a(exti_common_all.o)
 .group         0x0000000000000000        0x8 ../../libopencm3/lib/libopencm3_stm32l0.a(exti_common_all.o)
 .group         0x0000000000000000        0x8 ../../libopencm3/lib/libopencm3_stm32l0.a(exti_common_all.o)
 .group         0x0000000000000000        0x8 ../../libopencm3/lib/libopencm3_stm32l0.a(exti_common_all.o)
 .text          0x0000000000000000        0x0 ../../libopencm3/lib/libopencm3_stm32l0.a(exti_common_all.o)
 .data          0x0000000000000000        0x0 ../../libopencm3/lib/libopencm3_stm32l0.a(exti_common_all.o)
 .bss           0x0000000000000000        0x0 ../../libopencm3/lib/libopencm3_stm32l0.a(exti_common_all.o)
 .text.exti_get_flag_status
                0x0000000000000000        0xc ../../libopencm3/lib/libopencm3_stm32l0.a(exti_common_all.o)
 .debug_macro   0x0000000000000000      0x82c ../../libopencm3/lib/libopencm3_stm32l0.a(exti_common_all.o)
 .debug_macro   0x0000000000000000       0x22 ../../libopencm3/lib/libopencm3_stm32l0.a(exti_common_all.o)
 .debug_macro   0x0000000000000000       0x44 ../../libopencm3/lib/libopencm3_stm32l0.a(exti_common_all.o)
 .debug_macro   0x0000000000000000       0xe3 ../../libopencm3/lib/libopencm3_stm32l0.a(exti_common_all.o)
 .debug_macro   0x0000000000000000       0x22 ../../libopencm3/lib/libopencm3_stm32l0.a(exti_common_all.o)
 .debug_macro   0x0000000000000000      0x1df ../../libopencm3/lib/libopencm3_stm32l0.a(exti_common_all.o)
 .debug_macro   0x0000000000000000       0x22 ../../libopencm3/lib/libopencm3_stm32l0.a(exti_common_all.o)
 .debug_macro   0x0000000000000000       0xfa ../../libopencm3/lib/libopencm3_stm32l0.a(exti_common_all.o)
 .debug_macro   0x0000000000000000       0x34 ../../libopencm3/lib/libopencm3_stm32l0.a(exti_common_all.o)
 .debug_macro   0x0000000000000000      0x148 ../../libopencm3/lib/libopencm3_stm32l0.a(exti_common_all.o)
 .debug_macro   0x0000000000000000       0x76 ../../libopencm3/lib/libopencm3_stm32l0.a(exti_common_all.o)
 .debug_macro   0x0000000000000000      0x2e6 ../../libopencm3/lib/libopencm3_stm32l0.a(exti_common_all.o)
 .debug_macro   0x0000000000000000      0x14e ../../libopencm3/lib/libopencm3_stm32l0.a(exti_common_all.o)
 .debug_macro   0x0000000000000000       0x3a ../../libopencm3/lib/libopencm3_stm32l0.a(exti_common_all.o)
 .group         0x0000000000000000        0x8 ../../libopencm3/lib/libopencm3_stm32l0.a(vector.o)
 .group         0x0000000000000000        0x8 ../../libopencm3/lib/libopencm3_stm32l0.a(vector.o)
 .group         0x0000000000000000        0x8 ../../libopencm3/lib/libopencm3_stm32l0.a(vector.o)
 .group         0x0000000000000000        0x8 ../../libopencm3/lib/libopencm3_stm32l0.a(vector.o)
 .group         0x0000000000000000        0x8 ../../libopencm3/lib/libopencm3_stm32l0.a(vector.o)
 .group         0x0000000000000000        0x8 ../../libopencm3/lib/libopencm3_stm32l0.a(vector.o)
 .group         0x0000000000000000        0x8 ../../libopencm3/lib/libopencm3_stm32l0.a(vector.o)
 .group         0x0000000000000000        0x8 ../../libopencm3/lib/libopencm3_stm32l0.a(vector.o)
 .group         0x0000000000000000        0x8 ../../libopencm3/lib/libopencm3_stm32l0.a(vector.o)
 .group         0x0000000000000000        0x8 ../../libopencm3/lib/libopencm3_stm32l0.a(vector.o)
 .group         0x0000000000000000        0x8 ../../libopencm3/lib/libopencm3_stm32l0.a(vector.o)
 .group         0x0000000000000000        0x8 ../../libopencm3/lib/libopencm3_stm32l0.a(vector.o)
 .text          0x0000000000000000        0x0 ../../libopencm3/lib/libopencm3_stm32l0.a(vector.o)
 .data          0x0000000000000000        0x0 ../../libopencm3/lib/libopencm3_stm32l0.a(vector.o)
 .bss           0x0000000000000000        0x0 ../../libopencm3/lib/libopencm3_stm32l0.a(vector.o)
 .debug_macro   0x0000000000000000      0x82c ../../libopencm3/lib/libopencm3_stm32l0.a(vector.o)
 .debug_macro   0x0000000000000000       0x34 ../../libopencm3/lib/libopencm3_stm32l0.a(vector.o)
 .debug_macro   0x0000000000000000       0x22 ../../libopencm3/lib/libopencm3_stm32l0.a(vector.o)
 .debug_macro   0x0000000000000000       0x44 ../../libopencm3/lib/libopencm3_stm32l0.a(vector.o)
 .debug_macro   0x0000000000000000       0xe3 ../../libopencm3/lib/libopencm3_stm32l0.a(vector.o)
 .debug_macro   0x0000000000000000       0x22 ../../libopencm3/lib/libopencm3_stm32l0.a(vector.o)
 .debug_macro   0x0000000000000000      0x1df ../../libopencm3/lib/libopencm3_stm32l0.a(vector.o)
 .debug_macro   0x0000000000000000       0x22 ../../libopencm3/lib/libopencm3_stm32l0.a(vector.o)
 .debug_macro   0x0000000000000000       0xfa ../../libopencm3/lib/libopencm3_stm32l0.a(vector.o)
 .group         0x0000000000000000        0x8 ../../libopencm3/lib/libopencm3_stm32l0.a(systick.o)
 .group         0x0000000000000000        0x8 ../../libopencm3/lib/libopencm3_stm32l0.a(systick.o)
 .group         0x0000000000000000        0x8 ../../libopencm3/lib/libopencm3_stm32l0.a(systick.o)
 .group         0x0000000000000000        0x8 ../../libopencm3/lib/libopencm3_stm32l0.a(systick.o)
 .group         0x0000000000000000        0x8 ../../libopencm3/lib/libopencm3_stm32l0.a(systick.o)
 .group         0x0000000000000000        0x8 ../../libopencm3/lib/libopencm3_stm32l0.a(systick.o)
 .group         0x0000000000000000        0x8 ../../libopencm3/lib/libopencm3_stm32l0.a(systick.o)
 .group         0x0000000000000000        0x8 ../../libopencm3/lib/libopencm3_stm32l0.a(systick.o)
 .group         0x0000000000000000        0x8 ../../libopencm3/lib/libopencm3_stm32l0.a(systick.o)
 .group         0x0000000000000000        0x8 ../../libopencm3/lib/libopencm3_stm32l0.a(systick.o)
 .text          0x0000000000000000        0x0 ../../libopencm3/lib/libopencm3_stm32l0.a(systick.o)
 .data          0x0000000000000000        0x0 ../../libopencm3/lib/libopencm3_stm32l0.a(systick.o)
 .bss           0x0000000000000000        0x0 ../../libopencm3/lib/libopencm3_stm32l0.a(systick.o)
 .text.systick_get_reload
                0x0000000000000000       0x10 ../../libopencm3/lib/libopencm3_stm32l0.a(systick.o)
 .text.systick_get_value
                0x0000000000000000       0x10 ../../libopencm3/lib/libopencm3_stm32l0.a(systick.o)
 .text.systick_set_frequency
                0x0000000000000000       0x28 ../../libopencm3/lib/libopencm3_stm32l0.a(systick.o)
 .text.systick_interrupt_disable
                0x0000000000000000       0x10 ../../libopencm3/lib/libopencm3_stm32l0.a(systick.o)
 .text.systick_counter_disable
                0x0000000000000000       0x10 ../../libopencm3/lib/libopencm3_stm32l0.a(systick.o)
 .text.systick_get_countflag
                0x0000000000000000       0x10 ../../libopencm3/lib/libopencm3_stm32l0.a(systick.o)
 .text.systick_clear
                0x0000000000000000        0xc ../../libopencm3/lib/libopencm3_stm32l0.a(systick.o)
 .text.systick_get_calib
                0x0000000000000000       0x10 ../../libopencm3/lib/libopencm3_stm32l0.a(systick.o)
 .debug_macro   0x0000000000000000      0x82c ../../libopencm3/lib/libopencm3_stm32l0.a(systick.o)
 .debug_macro   0x0000000000000000       0x34 ../../libopencm3/lib/libopencm3_stm32l0.a(systick.o)
 .debug_macro   0x0000000000000000       0x22 ../../libopencm3/lib/libopencm3_stm32l0.a(systick.o)
 .debug_macro   0x0000000000000000       0x44 ../../libopencm3/lib/libopencm3_stm32l0.a(systick.o)
 .debug_macro   0x0000000000000000       0xe3 ../../libopencm3/lib/libopencm3_stm32l0.a(systick.o)
 .debug_macro   0x0000000000000000       0x22 ../../libopencm3/lib/libopencm3_stm32l0.a(systick.o)
 .debug_macro   0x0000000000000000      0x1df ../../libopencm3/lib/libopencm3_stm32l0.a(systick.o)
 .debug_macro   0x0000000000000000       0x22 ../../libopencm3/lib/libopencm3_stm32l0.a(systick.o)
 .debug_macro   0x0000000000000000       0xfa ../../libopencm3/lib/libopencm3_stm32l0.a(systick.o)
 .group         0x0000000000000000        0x8 ../../libopencm3/lib/libopencm3_stm32l0.a(nvic.o)
 .group         0x0000000000000000        0x8 ../../libopencm3/lib/libopencm3_stm32l0.a(nvic.o)
 .group         0x0000000000000000        0x8 ../../libopencm3/lib/libopencm3_stm32l0.a(nvic.o)
 .group         0x0000000000000000        0x8 ../../libopencm3/lib/libopencm3_stm32l0.a(nvic.o)
 .group         0x0000000000000000        0x8 ../../libopencm3/lib/libopencm3_stm32l0.a(nvic.o)
 .group         0x0000000000000000        0x8 ../../libopencm3/lib/libopencm3_stm32l0.a(nvic.o)
 .group         0x0000000000000000        0x8 ../../libopencm3/lib/libopencm3_stm32l0.a(nvic.o)
 .group         0x0000000000000000        0x8 ../../libopencm3/lib/libopencm3_stm32l0.a(nvic.o)
 .group         0x0000000000000000        0x8 ../../libopencm3/lib/libopencm3_stm32l0.a(nvic.o)
 .group         0x0000000000000000        0x8 ../../libopencm3/lib/libopencm3_stm32l0.a(nvic.o)
 .group         0x0000000000000000        0x8 ../../libopencm3/lib/libopencm3_stm32l0.a(nvic.o)
 .group         0x0000000000000000        0x8 ../../libopencm3/lib/libopencm3_stm32l0.a(nvic.o)
 .text          0x0000000000000000        0x0 ../../libopencm3/lib/libopencm3_stm32l0.a(nvic.o)
 .data          0x0000000000000000        0x0 ../../libopencm3/lib/libopencm3_stm32l0.a(nvic.o)
 .bss           0x0000000000000000        0x0 ../../libopencm3/lib/libopencm3_stm32l0.a(nvic.o)
 .text.nvic_disable_irq
                0x0000000000000000       0x18 ../../libopencm3/lib/libopencm3_stm32l0.a(nvic.o)
 .text.nvic_get_pending_irq
                0x0000000000000000       0x24 ../../libopencm3/lib/libopencm3_stm32l0.a(nvic.o)
 .text.nvic_set_pending_irq
                0x0000000000000000       0x18 ../../libopencm3/lib/libopencm3_stm32l0.a(nvic.o)
 .text.nvic_clear_pending_irq
                0x0000000000000000       0x18 ../../libopencm3/lib/libopencm3_stm32l0.a(nvic.o)
 .text.nvic_get_irq_enabled
                0x0000000000000000       0x24 ../../libopencm3/lib/libopencm3_stm32l0.a(nvic.o)
 .debug_macro   0x0000000000000000      0x82c ../../libopencm3/lib/libopencm3_stm32l0.a(nvic.o)
 .debug_macro   0x0000000000000000       0x22 ../../libopencm3/lib/libopencm3_stm32l0.a(nvic.o)
 .debug_macro   0x0000000000000000       0x44 ../../libopencm3/lib/libopencm3_stm32l0.a(nvic.o)
 .debug_macro   0x0000000000000000       0xe3 ../../libopencm3/lib/libopencm3_stm32l0.a(nvic.o)
 .debug_macro   0x0000000000000000       0x22 ../../libopencm3/lib/libopencm3_stm32l0.a(nvic.o)
 .debug_macro   0x0000000000000000      0x1df ../../libopencm3/lib/libopencm3_stm32l0.a(nvic.o)
 .debug_macro   0x0000000000000000       0x22 ../../libopencm3/lib/libopencm3_stm32l0.a(nvic.o)
 .debug_macro   0x0000000000000000       0xfa ../../libopencm3/lib/libopencm3_stm32l0.a(nvic.o)
 .debug_macro   0x0000000000000000       0x34 ../../libopencm3/lib/libopencm3_stm32l0.a(nvic.o)
 .debug_macro   0x0000000000000000       0xca ../../libopencm3/lib/libopencm3_stm32l0.a(nvic.o)
 .group         0x0000000000000000        0x8 ../../libopencm3/lib/libopencm3_stm32l0.a(assert.o)
 .group         0x0000000000000000        0x8 ../../libopencm3/lib/libopencm3_stm32l0.a(assert.o)
 .group         0x0000000000000000        0x8 ../../libopencm3/lib/libopencm3_stm32l0.a(assert.o)
 .group         0x0000000000000000        0x8 ../../libopencm3/lib/libopencm3_stm32l0.a(assert.o)
 .group         0x0000000000000000        0x8 ../../libopencm3/lib/libopencm3_stm32l0.a(assert.o)
 .group         0x0000000000000000        0x8 ../../libopencm3/lib/libopencm3_stm32l0.a(assert.o)
 .group         0x0000000000000000        0x8 ../../libopencm3/lib/libopencm3_stm32l0.a(assert.o)
 .group         0x0000000000000000        0x8 ../../libopencm3/lib/libopencm3_stm32l0.a(assert.o)
 .group         0x0000000000000000        0x8 ../../libopencm3/lib/libopencm3_stm32l0.a(assert.o)
 .text          0x0000000000000000        0x0 ../../libopencm3/lib/libopencm3_stm32l0.a(assert.o)
 .data          0x0000000000000000        0x0 ../../libopencm3/lib/libopencm3_stm32l0.a(assert.o)
 .bss           0x0000000000000000        0x0 ../../libopencm3/lib/libopencm3_stm32l0.a(assert.o)
 .text.cm3_assert_failed
                0x0000000000000000        0x2 ../../libopencm3/lib/libopencm3_stm32l0.a(assert.o)
 .text.cm3_assert_failed_verbose
                0x0000000000000000        0x6 ../../libopencm3/lib/libopencm3_stm32l0.a(assert.o)
 .debug_info    0x0000000000000000       0xee ../../libopencm3/lib/libopencm3_stm32l0.a(assert.o)
 .debug_abbrev  0x0000000000000000       0x89 ../../libopencm3/lib/libopencm3_stm32l0.a(assert.o)
 .debug_loc     0x0000000000000000       0x84 ../../libopencm3/lib/libopencm3_stm32l0.a(assert.o)
 .debug_aranges
                0x0000000000000000       0x28 ../../libopencm3/lib/libopencm3_stm32l0.a(assert.o)
 .debug_ranges  0x0000000000000000       0x18 ../../libopencm3/lib/libopencm3_stm32l0.a(assert.o)
 .debug_macro   0x0000000000000000       0x7b ../../libopencm3/lib/libopencm3_stm32l0.a(assert.o)
 .debug_macro   0x0000000000000000      0x82c ../../libopencm3/lib/libopencm3_stm32l0.a(assert.o)
 .debug_macro   0x0000000000000000       0x22 ../../libopencm3/lib/libopencm3_stm32l0.a(assert.o)
 .debug_macro   0x0000000000000000       0x44 ../../libopencm3/lib/libopencm3_stm32l0.a(assert.o)
 .debug_macro   0x0000000000000000       0xe3 ../../libopencm3/lib/libopencm3_stm32l0.a(assert.o)
 .debug_macro   0x0000000000000000       0x22 ../../libopencm3/lib/libopencm3_stm32l0.a(assert.o)
 .debug_macro   0x0000000000000000      0x1df ../../libopencm3/lib/libopencm3_stm32l0.a(assert.o)
 .debug_macro   0x0000000000000000       0x22 ../../libopencm3/lib/libopencm3_stm32l0.a(assert.o)
 .debug_macro   0x0000000000000000       0xfa ../../libopencm3/lib/libopencm3_stm32l0.a(assert.o)
 .debug_macro   0x0000000000000000       0x16 ../../libopencm3/lib/libopencm3_stm32l0.a(assert.o)
 .debug_line    0x0000000000000000      0x161 ../../libopencm3/lib/libopencm3_stm32l0.a(assert.o)
 .debug_str     0x0000000000000000     0x3463 ../../libopencm3/lib/libopencm3_stm32l0.a(assert.o)
 .comment       0x0000000000000000       0x39 ../../libopencm3/lib/libopencm3_stm32l0.a(assert.o)
 .debug_frame   0x0000000000000000       0x38 ../../libopencm3/lib/libopencm3_stm32l0.a(assert.o)
 .ARM.attributes
                0x0000000000000000       0x32 ../../libopencm3/lib/libopencm3_stm32l0.a(assert.o)
 .data          0x0000000000000000        0x0 /usr/lib/gcc/arm-none-eabi/4.9.3/armv6-m/libgcc.a(_thumb1_case_sqi.o)
 .bss           0x0000000000000000        0x0 /usr/lib/gcc/arm-none-eabi/4.9.3/armv6-m/libgcc.a(_thumb1_case_sqi.o)
 .data          0x0000000000000000        0x0 /usr/lib/gcc/arm-none-eabi/4.9.3/armv6-m/libgcc.a(_thumb1_case_uqi.o)
 .bss           0x0000000000000000        0x0 /usr/lib/gcc/arm-none-eabi/4.9.3/armv6-m/libgcc.a(_thumb1_case_uqi.o)
 .text          0x0000000000000000      0x120 /usr/lib/gcc/arm-none-eabi/4.9.3/armv6-m/libgcc.a(_udivsi3.o)
 .data          0x0000000000000000        0x0 /usr/lib/gcc/arm-none-eabi/4.9.3/armv6-m/libgcc.a(_udivsi3.o)
 .bss           0x0000000000000000        0x0 /usr/lib/gcc/arm-none-eabi/4.9.3/armv6-m/libgcc.a(_udivsi3.o)
 .debug_frame   0x0000000000000000       0x20 /usr/lib/gcc/arm-none-eabi/4.9.3/armv6-m/libgcc.a(_udivsi3.o)
 .debug_line    0x0000000000000000       0x6c /usr/lib/gcc/arm-none-eabi/4.9.3/armv6-m/libgcc.a(_udivsi3.o)
 .debug_info    0x0000000000000000       0xb9 /usr/lib/gcc/arm-none-eabi/4.9.3/armv6-m/libgcc.a(_udivsi3.o)
 .debug_abbrev  0x0000000000000000       0x14 /usr/lib/gcc/arm-none-eabi/4.9.3/armv6-m/libgcc.a(_udivsi3.o)
 .debug_aranges
                0x0000000000000000       0x20 /usr/lib/gcc/arm-none-eabi/4.9.3/armv6-m/libgcc.a(_udivsi3.o)
 .ARM.attributes
                0x0000000000000000       0x1e /usr/lib/gcc/arm-none-eabi/4.9.3/armv6-m/libgcc.a(_udivsi3.o)
 .data          0x0000000000000000        0x0 /usr/lib/gcc/arm-none-eabi/4.9.3/armv6-m/libgcc.a(_divsi3.o)
 .bss           0x0000000000000000        0x0 /usr/lib/gcc/arm-none-eabi/4.9.3/armv6-m/libgcc.a(_divsi3.o)
 .data          0x0000000000000000        0x0 /usr/lib/gcc/arm-none-eabi/4.9.3/armv6-m/libgcc.a(_dvmd_tls.o)
 .bss           0x0000000000000000        0x0 /usr/lib/gcc/arm-none-eabi/4.9.3/armv6-m/libgcc.a(_dvmd_tls.o)

Memory Configuration

Name             Origin             Length             Attributes
rom              0x0000000008000000 0x0000000000004000 xr
ram              0x0000000020000000 0x0000000000000800 xrw
eep              0x0000000008080000 0x0000000000000000 r
*default*        0x0000000000000000 0xffffffffffffffff

Linker script and memory map

LOAD comm.o
LOAD HAL.o
LOAD neuron.o
LOAD main.o
LOAD ../../libopencm3/lib/libopencm3_stm32l0.a
START GROUP
LOAD /usr/lib/gcc/arm-none-eabi/4.9.3/../../../arm-none-eabi/lib/armv6-m/libc.a
LOAD /usr/lib/gcc/arm-none-eabi/4.9.3/armv6-m/libgcc.a
LOAD /usr/lib/gcc/arm-none-eabi/4.9.3/../../../arm-none-eabi/lib/armv6-m/libnosys.a
END GROUP
START GROUP
LOAD /usr/lib/gcc/arm-none-eabi/4.9.3/armv6-m/libgcc.a
LOAD /usr/lib/gcc/arm-none-eabi/4.9.3/../../../arm-none-eabi/lib/armv6-m/libc.a
END GROUP

.text           0x0000000008000000     0x1c58
 *(.vectors)
 .vectors       0x0000000008000000       0xc0 ../../libopencm3/lib/libopencm3_stm32l0.a(vector.o)
                0x0000000008000000                vector_table
 *(.text*)
 .text.commInit
                0x00000000080000c0       0x10 comm.o
                0x00000000080000c0                commInit
 .text.addWrite
                0x00000000080000d0       0x48 comm.o
                0x00000000080000d0                addWrite
 .text.readInputs
                0x0000000008000118      0x170 comm.o
                0x0000000008000118                readInputs
 .text.writeDownstream
                0x0000000008000288       0x4c comm.o
                0x0000000008000288                writeDownstream
 .text.writeAll
                0x00000000080002d4       0x54 comm.o
                0x00000000080002d4                writeAll
 .text.writeNID
                0x0000000008000328       0x38 comm.o
                0x0000000008000328                writeNID
 .text.write    0x0000000008000360       0xac comm.o
                0x0000000008000360                write
 .text.clock_setup
                0x000000000800040c       0x10 HAL.o
                0x000000000800040c                clock_setup
 .text.sys_tick_handler
                0x000000000800041c        0x2 HAL.o
                0x000000000800041c                sys_tick_handler
 *fill*         0x000000000800041e        0x2 
 .text.systick_setup
                0x0000000008000420       0x28 HAL.o
                0x0000000008000420                systick_setup
 .text.adc_setup
                0x0000000008000448       0x54 HAL.o
                0x0000000008000448                adc_setup
 .text.setAsInput
                0x000000000800049c       0x2e HAL.o
                0x000000000800049c                setAsInput
 .text.setAsOutput
                0x00000000080004ca       0x1a HAL.o
                0x00000000080004ca                setAsOutput
 .text.gpio_setup
                0x00000000080004e4      0x104 HAL.o
                0x00000000080004e4                gpio_setup
 .text.exti4_15_isr
                0x00000000080005e8       0x2c HAL.o
                0x00000000080005e8                exti4_15_isr
 .text.tim_setup
                0x0000000008000614      0x114 HAL.o
                0x0000000008000614                tim_setup
 .text.tim21_isr
                0x0000000008000728       0x3c HAL.o
                0x0000000008000728                tim21_isr
 .text.tim2_isr
                0x0000000008000764       0x1c HAL.o
                0x0000000008000764                tim2_isr
 .text.LEDFullWhite
                0x0000000008000780       0x2a HAL.o
                0x0000000008000780                LEDFullWhite
 *fill*         0x00000000080007aa        0x2 
 .text.setLED   0x00000000080007ac       0x74 HAL.o
                0x00000000080007ac                setLED
 .text.neuronInit
                0x0000000008000820       0x64 neuron.o
                0x0000000008000820                neuronInit
 .text.membraneDecayStep
                0x0000000008000884       0x16 neuron.o
                0x0000000008000884                membraneDecayStep
 *fill*         0x000000000800089a        0x2 
 .text.scale10bit
                0x000000000800089c       0x28 main.o
                0x000000000800089c                scale10bit
 .text.startup.main
                0x00000000080008c4      0x2d4 main.o
                0x00000000080008c4                main
 .text.rcc_osc_on
                0x0000000008000b98       0x54 ../../libopencm3/lib/libopencm3_stm32l0.a(rcc.o)
                0x0000000008000b98                rcc_osc_on
 .text.rcc_set_sysclk_source
                0x0000000008000bec       0x44 ../../libopencm3/lib/libopencm3_stm32l0.a(rcc.o)
                0x0000000008000bec                rcc_set_sysclk_source
 .text.timer_reset
                0x0000000008000c30       0x4c ../../libopencm3/lib/libopencm3_stm32l0.a(timer_common_all.o)
                0x0000000008000c30                timer_reset
 .text.timer_enable_irq
                0x0000000008000c7c        0x8 ../../libopencm3/lib/libopencm3_stm32l0.a(timer_common_all.o)
                0x0000000008000c7c                timer_enable_irq
 .text.timer_get_flag
                0x0000000008000c84        0xe ../../libopencm3/lib/libopencm3_stm32l0.a(timer_common_all.o)
                0x0000000008000c84                timer_get_flag
 .text.timer_clear_flag
                0x0000000008000c92        0x6 ../../libopencm3/lib/libopencm3_stm32l0.a(timer_common_all.o)
                0x0000000008000c92                timer_clear_flag
 .text.timer_set_mode
                0x0000000008000c98       0x18 ../../libopencm3/lib/libopencm3_stm32l0.a(timer_common_all.o)
                0x0000000008000c98                timer_set_mode
 .text.timer_enable_counter
                0x0000000008000cb0        0xa ../../libopencm3/lib/libopencm3_stm32l0.a(timer_common_all.o)
                0x0000000008000cb0                timer_enable_counter
 .text.timer_set_prescaler
                0x0000000008000cba        0x4 ../../libopencm3/lib/libopencm3_stm32l0.a(timer_common_all.o)
                0x0000000008000cba                timer_set_prescaler
 .text.timer_set_period
                0x0000000008000cbe        0x4 ../../libopencm3/lib/libopencm3_stm32l0.a(timer_common_all.o)
                0x0000000008000cbe                timer_set_period
 *fill*         0x0000000008000cc2        0x2 
 .text.timer_set_oc_mode
                0x0000000008000cc4      0x14c ../../libopencm3/lib/libopencm3_stm32l0.a(timer_common_all.o)
                0x0000000008000cc4                timer_set_oc_mode
 .text.timer_enable_oc_output
                0x0000000008000e10       0x36 ../../libopencm3/lib/libopencm3_stm32l0.a(timer_common_all.o)
                0x0000000008000e10                timer_enable_oc_output
 .text.timer_set_oc_value
                0x0000000008000e46       0x26 ../../libopencm3/lib/libopencm3_stm32l0.a(timer_common_all.o)
                0x0000000008000e46                timer_set_oc_value
 .text.gpio_set
                0x0000000008000e6c        0x4 ../../libopencm3/lib/libopencm3_stm32l0.a(gpio_common_all.o)
                0x0000000008000e6c                gpio_set
 .text.gpio_clear
                0x0000000008000e70        0x6 ../../libopencm3/lib/libopencm3_stm32l0.a(gpio_common_all.o)
                0x0000000008000e70                gpio_clear
 .text.gpio_get
                0x0000000008000e76        0x6 ../../libopencm3/lib/libopencm3_stm32l0.a(gpio_common_all.o)
                0x0000000008000e76                gpio_get
 .text.gpio_mode_setup
                0x0000000008000e7c       0x3c ../../libopencm3/lib/libopencm3_stm32l0.a(gpio_common_f0234.o)
                0x0000000008000e7c                gpio_mode_setup
 .text.gpio_set_output_options
                0x0000000008000eb8       0x36 ../../libopencm3/lib/libopencm3_stm32l0.a(gpio_common_f0234.o)
                0x0000000008000eb8                gpio_set_output_options
 .text.gpio_set_af
                0x0000000008000eee       0x4e ../../libopencm3/lib/libopencm3_stm32l0.a(gpio_common_f0234.o)
                0x0000000008000eee                gpio_set_af
 .text.rcc_peripheral_enable_clock
                0x0000000008000f3c        0x8 ../../libopencm3/lib/libopencm3_stm32l0.a(rcc_common_all.o)
                0x0000000008000f3c                rcc_peripheral_enable_clock
 .text.rcc_periph_clock_enable
                0x0000000008000f44       0x20 ../../libopencm3/lib/libopencm3_stm32l0.a(rcc_common_all.o)
                0x0000000008000f44                rcc_periph_clock_enable
 .text.rcc_periph_reset_pulse
                0x0000000008000f64       0x24 ../../libopencm3/lib/libopencm3_stm32l0.a(rcc_common_all.o)
                0x0000000008000f64                rcc_periph_reset_pulse
 .text.adc_eoc  0x0000000008000f88        0x8 ../../libopencm3/lib/libopencm3_stm32l0.a(adc_common_v2.o)
                0x0000000008000f88                adc_eoc
 .text.adc_power_on_async
                0x0000000008000f90        0xa ../../libopencm3/lib/libopencm3_stm32l0.a(adc_common_v2.o)
                0x0000000008000f90                adc_power_on_async
 .text.adc_power_on
                0x0000000008000f9a       0x10 ../../libopencm3/lib/libopencm3_stm32l0.a(adc_common_v2.o)
                0x0000000008000f9a                adc_power_on
 .text.adc_is_power_off
                0x0000000008000faa        0x8 ../../libopencm3/lib/libopencm3_stm32l0.a(adc_common_v2.o)
                0x0000000008000faa                adc_is_power_off
 .text.adc_power_off_async
                0x0000000008000fb2       0x32 ../../libopencm3/lib/libopencm3_stm32l0.a(adc_common_v2.o)
                0x0000000008000fb2                adc_power_off_async
 .text.adc_power_off
                0x0000000008000fe4       0x14 ../../libopencm3/lib/libopencm3_stm32l0.a(adc_common_v2.o)
                0x0000000008000fe4                adc_power_off
 .text.adc_is_calibrating
                0x0000000008000ff8        0x6 ../../libopencm3/lib/libopencm3_stm32l0.a(adc_common_v2.o)
                0x0000000008000ff8                adc_is_calibrating
 .text.adc_calibrate
                0x0000000008000ffe       0x16 ../../libopencm3/lib/libopencm3_stm32l0.a(adc_common_v2.o)
                0x0000000008000ffe                adc_calibrate
 .text.adc_set_single_conversion_mode
                0x0000000008001014       0x10 ../../libopencm3/lib/libopencm3_stm32l0.a(adc_common_v2.o)
                0x0000000008001014                adc_set_single_conversion_mode
 .text.adc_set_resolution
                0x0000000008001024        0xc ../../libopencm3/lib/libopencm3_stm32l0.a(adc_common_v2.o)
                0x0000000008001024                adc_set_resolution
 .text.adc_set_right_aligned
                0x0000000008001030        0xa ../../libopencm3/lib/libopencm3_stm32l0.a(adc_common_v2.o)
                0x0000000008001030                adc_set_right_aligned
 .text.adc_read_regular
                0x000000000800103a        0x4 ../../libopencm3/lib/libopencm3_stm32l0.a(adc_common_v2.o)
                0x000000000800103a                adc_read_regular
 .text.adc_start_conversion_regular
                0x000000000800103e       0x14 ../../libopencm3/lib/libopencm3_stm32l0.a(adc_common_v2.o)
                0x000000000800103e                adc_start_conversion_regular
 *fill*         0x0000000008001052        0x2 
 .text.exti_set_trigger
                0x0000000008001054       0x40 ../../libopencm3/lib/libopencm3_stm32l0.a(exti_common_all.o)
                0x0000000008001054                exti_set_trigger
 .text.exti_enable_request
                0x0000000008001094       0x1c ../../libopencm3/lib/libopencm3_stm32l0.a(exti_common_all.o)
                0x0000000008001094                exti_enable_request
 .text.exti_disable_request
                0x00000000080010b0       0x1c ../../libopencm3/lib/libopencm3_stm32l0.a(exti_common_all.o)
                0x00000000080010b0                exti_disable_request
 .text.exti_reset_request
                0x00000000080010cc        0xc ../../libopencm3/lib/libopencm3_stm32l0.a(exti_common_all.o)
                0x00000000080010cc                exti_reset_request
 .text.exti_select_source
                0x00000000080010d8       0x6c ../../libopencm3/lib/libopencm3_stm32l0.a(exti_common_all.o)
                0x00000000080010d8                exti_select_source
 .text.blocking_handler
                0x0000000008001144        0x2 ../../libopencm3/lib/libopencm3_stm32l0.a(vector.o)
                0x0000000008001144                rtc_isr
                0x0000000008001144                blocking_handler
                0x0000000008001144                tsc_isr
                0x0000000008001144                spi1_isr
                0x0000000008001144                i2c1_isr
                0x0000000008001144                i2c2_isr
                0x0000000008001144                usart1_isr
                0x0000000008001144                reserved4_isr
                0x0000000008001144                exti2_3_isr
                0x0000000008001144                reserved5_isr
                0x0000000008001144                lptim1_isr
                0x0000000008001144                pvd_isr
                0x0000000008001144                lpuart1_isr
                0x0000000008001144                rcc_isr
                0x0000000008001144                reserved3_isr
                0x0000000008001144                flash_isr
                0x0000000008001144                hard_fault_handler
                0x0000000008001144                spi2_isr
                0x0000000008001144                usb_isr
                0x0000000008001144                usart2_isr
                0x0000000008001144                adc_comp_isr
                0x0000000008001144                reserved2_isr
                0x0000000008001144                reserved1_isr
                0x0000000008001144                dma1_channel1_isr
                0x0000000008001144                tim6_dac_isr
                0x0000000008001144                lcd_isr
                0x0000000008001144                dma1_channel2_3_isr
                0x0000000008001144                tim22_isr
                0x0000000008001144                wwdg_isr
                0x0000000008001144                dma1_channel4_5_isr
                0x0000000008001144                exti0_1_isr
 .text.null_handler
                0x0000000008001146        0x2 ../../libopencm3/lib/libopencm3_stm32l0.a(vector.o)
                0x0000000008001146                null_handler
                0x0000000008001146                sv_call_handler
                0x0000000008001146                pend_sv_handler
                0x0000000008001146                nmi_handler
 .text.reset_handler
                0x0000000008001148       0x8c ../../libopencm3/lib/libopencm3_stm32l0.a(vector.o)
                0x0000000008001148                reset_handler
 .text.systick_set_reload
                0x00000000080011d4       0x10 ../../libopencm3/lib/libopencm3_stm32l0.a(systick.o)
                0x00000000080011d4                systick_set_reload
 .text.systick_set_clocksource
                0x00000000080011e4       0x14 ../../libopencm3/lib/libopencm3_stm32l0.a(systick.o)
                0x00000000080011e4                systick_set_clocksource
 .text.systick_interrupt_enable
                0x00000000080011f8       0x10 ../../libopencm3/lib/libopencm3_stm32l0.a(systick.o)
                0x00000000080011f8                systick_interrupt_enable
 .text.systick_counter_enable
                0x0000000008001208       0x10 ../../libopencm3/lib/libopencm3_stm32l0.a(systick.o)
                0x0000000008001208                systick_counter_enable
 .text.nvic_enable_irq
                0x0000000008001218       0x18 ../../libopencm3/lib/libopencm3_stm32l0.a(nvic.o)
                0x0000000008001218                nvic_enable_irq
 .text.nvic_set_priority
                0x0000000008001230       0x1c ../../libopencm3/lib/libopencm3_stm32l0.a(nvic.o)
                0x0000000008001230                nvic_set_priority
 .text          0x000000000800124c       0x14 /usr/lib/gcc/arm-none-eabi/4.9.3/armv6-m/libgcc.a(_thumb1_case_sqi.o)
                0x000000000800124c                __gnu_thumb1_case_sqi
 .text          0x0000000008001260       0x14 /usr/lib/gcc/arm-none-eabi/4.9.3/armv6-m/libgcc.a(_thumb1_case_uqi.o)
                0x0000000008001260                __gnu_thumb1_case_uqi
 .text          0x0000000008001274      0x1e0 /usr/lib/gcc/arm-none-eabi/4.9.3/armv6-m/libgcc.a(_divsi3.o)
                0x0000000008001274                __aeabi_idiv
                0x0000000008001274                __divsi3
                0x0000000008001440                __aeabi_idivmod
 .text          0x0000000008001454        0x4 /usr/lib/gcc/arm-none-eabi/4.9.3/armv6-m/libgcc.a(_dvmd_tls.o)
                0x0000000008001454                __aeabi_ldiv0
                0x0000000008001454                __aeabi_idiv0
                0x0000000008001458                . = ALIGN (0x4)
 *(.rodata*)
 .rodata.gamma_lookup
                0x0000000008001458      0x800 HAL.o
                0x0000000008001c58                . = ALIGN (0x4)

.glue_7         0x0000000008001c58        0x0
 .glue_7        0x0000000008001c58        0x0 linker stubs

.glue_7t        0x0000000008001c58        0x0
 .glue_7t       0x0000000008001c58        0x0 linker stubs

.vfp11_veneer   0x0000000008001c58        0x0
 .vfp11_veneer  0x0000000008001c58        0x0 linker stubs

.v4_bx          0x0000000008001c58        0x0
 .v4_bx         0x0000000008001c58        0x0 linker stubs

.iplt           0x0000000008001c58        0x0
 .iplt          0x0000000008001c58        0x0 comm.o

.rel.dyn        0x0000000008001c58        0x0
 .rel.iplt      0x0000000008001c58        0x0 comm.o

.preinit_array  0x0000000008001c58        0x0
                0x0000000008001c58                . = ALIGN (0x4)
                0x0000000008001c58                __preinit_array_start = .
 *(.preinit_array)
                0x0000000008001c58                __preinit_array_end = .

.init_array     0x0000000008001c58        0x0
                0x0000000008001c58                . = ALIGN (0x4)
                0x0000000008001c58                __init_array_start = .
 *(SORT(.init_array.*))
 *(.init_array)
                0x0000000008001c58                __init_array_end = .

.fini_array     0x0000000008001c58        0x0
                0x0000000008001c58                . = ALIGN (0x4)
                0x0000000008001c58                __fini_array_start = .
 *(.fini_array)
 *(SORT(.fini_array.*))
                0x0000000008001c58                __fini_array_end = .

.ARM.extab
 *(.ARM.extab*)

.ARM.exidx      0x0000000008001c58        0x0
                0x0000000008001c58                __exidx_start = .
 *(.ARM.exidx*)
                0x0000000008001c58                __exidx_end = .
                0x0000000008001c58                . = ALIGN (0x4)
                0x0000000008001c58                _etext = .

.data           0x0000000020000000       0x20 load address 0x0000000008001c58
                0x0000000020000000                _data = .
 *(.data*)
 .data.active_input_ports
                0x0000000020000000        0x8 comm.o
                0x0000000020000000                active_input_ports
 .data.active_output_pins
                0x0000000020000008        0x4 comm.o
                0x0000000020000008                active_output_pins
 .data.nid_keep_alive
                0x000000002000000c        0x4 comm.o
                0x000000002000000c                nid_keep_alive
 .data.complimentary_pins
                0x0000000020000010        0x4 comm.o
                0x0000000020000010                complimentary_pins
 .data.active_output_ports
                0x0000000020000014        0x8 comm.o
                0x0000000020000014                active_output_ports
 .data.span     0x000000002000001c        0x4 main.o
                0x000000002000001c                span
                0x0000000020000020                . = ALIGN (0x4)
                0x0000000020000020                _edata = .
                0x0000000008001c58                _data_loadaddr = LOADADDR (.data)

.igot.plt       0x0000000020000020        0x0 load address 0x0000000008001c78
 .igot.plt      0x0000000020000020        0x0 comm.o

.bss            0x0000000020000020       0x84 load address 0x0000000008001c78
 *(.bss*)
 .bss.nid_port_out
                0x0000000020000020        0x4 comm.o
                0x0000000020000020                nid_port_out
 .bss.identify_channel
                0x0000000020000024        0x1 comm.o
                0x0000000020000024                identify_channel
 .bss.message_buffer_count
                0x0000000020000025        0x2 comm.o
                0x0000000020000025                message_buffer_count
 .bss.blink_flag
                0x0000000020000027        0x1 comm.o
                0x0000000020000027                blink_flag
 .bss.nid_port  0x0000000020000028        0x4 comm.o
                0x0000000020000028                nid_port
 .bss.write_buffer
                0x000000002000002c       0x44 comm.o
                0x000000002000002c                write_buffer
 .bss.identify_time
                0x0000000020000070        0x2 comm.o
                0x0000000020000070                identify_time
 .bss.nid_pin_out
                0x0000000020000072        0x2 comm.o
                0x0000000020000072                nid_pin_out
 .bss.nid_ping_time
                0x0000000020000074        0x4 comm.o
                0x0000000020000074                nid_ping_time
 .bss.message_buffer
                0x0000000020000078        0x8 comm.o
                0x0000000020000078                message_buffer
 .bss.nid_pin   0x0000000020000080        0x2 comm.o
                0x0000000020000080                nid_pin
 .bss.active_input_pins
                0x0000000020000082        0x4 comm.o
                0x0000000020000082                active_input_pins
 .bss.tick      0x0000000020000086        0x1 HAL.o
                0x0000000020000086                tick
 .bss.main_tick
                0x0000000020000087        0x1 HAL.o
                0x0000000020000087                main_tick
 .bss.adaptation_rate
                0x0000000020000088        0x4 main.o
                0x0000000020000088                adaptation_rate
 .bss.sense_10_bit
                0x000000002000008c        0x4 main.o
                0x000000002000008c                sense_10_bit
 .bss.current_sense
                0x0000000020000090        0x4 main.o
                0x0000000020000090                current_sense
 .bss.adapt_time
                0x0000000020000094        0x4 main.o
                0x0000000020000094                adapt_time
 .bss.sense_input
                0x0000000020000098        0x4 main.o
                0x0000000020000098                sense_input
 .bss.zero      0x000000002000009c        0x4 main.o
                0x000000002000009c                zero
 .bss.adaptive_zero
                0x00000000200000a0        0x4 main.o
                0x00000000200000a0                adaptive_zero
 *(COMMON)
                0x00000000200000a4                . = ALIGN (0x4)
                0x00000000200000a4                _ebss = .

/DISCARD/
 *(.eh_frame)
                0x00000000200000a4                . = ALIGN (0x4)
                0x00000000200000a4                end = .
                0x0000000020000800                PROVIDE (_stack, (ORIGIN (ram) + LENGTH (ram)))
                0x0000000008003e00                _fingerprint_start = 0x8003e00

.fingerprint    0x0000000008003e00        0xc
 *(.fingerprint)
 .fingerprint   0x0000000008003e00        0xc main.o
OUTPUT(main.elf elf32-littlearm)

.debug_info     0x0000000000000000     0x5321
 .debug_info    0x0000000000000000      0x6dd comm.o
 .debug_info    0x00000000000006dd      0xff9 HAL.o
 .debug_info    0x00000000000016d6      0x41d neuron.o
 .debug_info    0x0000000000001af3      0x835 main.o
 .debug_info    0x0000000000002328      0x3d4 ../../libopencm3/lib/libopencm3_stm32l0.a(rcc.o)
 .debug_info    0x00000000000026fc     0x116a ../../libopencm3/lib/libopencm3_stm32l0.a(timer_common_all.o)
 .debug_info    0x0000000000003866      0x22c ../../libopencm3/lib/libopencm3_stm32l0.a(gpio_common_all.o)
 .debug_info    0x0000000000003a92      0x1f3 ../../libopencm3/lib/libopencm3_stm32l0.a(gpio_common_f0234.o)
 .debug_info    0x0000000000003c85      0x575 ../../libopencm3/lib/libopencm3_stm32l0.a(rcc_common_all.o)
 .debug_info    0x00000000000041fa      0x5d7 ../../libopencm3/lib/libopencm3_stm32l0.a(adc_common_v2.o)
 .debug_info    0x00000000000047d1      0x204 ../../libopencm3/lib/libopencm3_stm32l0.a(exti_common_all.o)
 .debug_info    0x00000000000049d5      0x2a3 ../../libopencm3/lib/libopencm3_stm32l0.a(vector.o)
 .debug_info    0x0000000000004c78      0x215 ../../libopencm3/lib/libopencm3_stm32l0.a(systick.o)
 .debug_info    0x0000000000004e8d      0x1b0 ../../libopencm3/lib/libopencm3_stm32l0.a(nvic.o)
 .debug_info    0x000000000000503d       0xb9 /usr/lib/gcc/arm-none-eabi/4.9.3/armv6-m/libgcc.a(_thumb1_case_sqi.o)
 .debug_info    0x00000000000050f6       0xb9 /usr/lib/gcc/arm-none-eabi/4.9.3/armv6-m/libgcc.a(_thumb1_case_uqi.o)
 .debug_info    0x00000000000051af       0xb9 /usr/lib/gcc/arm-none-eabi/4.9.3/armv6-m/libgcc.a(_divsi3.o)
 .debug_info    0x0000000000005268       0xb9 /usr/lib/gcc/arm-none-eabi/4.9.3/armv6-m/libgcc.a(_dvmd_tls.o)

.debug_abbrev   0x0000000000000000     0x1321
 .debug_abbrev  0x0000000000000000      0x25d comm.o
 .debug_abbrev  0x000000000000025d      0x1e9 HAL.o
 .debug_abbrev  0x0000000000000446      0x12b neuron.o
 .debug_abbrev  0x0000000000000571      0x1f6 main.o
 .debug_abbrev  0x0000000000000767      0x18d ../../libopencm3/lib/libopencm3_stm32l0.a(rcc.o)
 .debug_abbrev  0x00000000000008f4      0x168 ../../libopencm3/lib/libopencm3_stm32l0.a(timer_common_all.o)
 .debug_abbrev  0x0000000000000a5c      0x10e ../../libopencm3/lib/libopencm3_stm32l0.a(gpio_common_all.o)
 .debug_abbrev  0x0000000000000b6a       0xb7 ../../libopencm3/lib/libopencm3_stm32l0.a(gpio_common_f0234.o)
 .debug_abbrev  0x0000000000000c21       0xd0 ../../libopencm3/lib/libopencm3_stm32l0.a(rcc_common_all.o)
 .debug_abbrev  0x0000000000000cf1      0x1f1 ../../libopencm3/lib/libopencm3_stm32l0.a(adc_common_v2.o)
 .debug_abbrev  0x0000000000000ee2       0xe5 ../../libopencm3/lib/libopencm3_stm32l0.a(exti_common_all.o)
 .debug_abbrev  0x0000000000000fc7      0x12b ../../libopencm3/lib/libopencm3_stm32l0.a(vector.o)
 .debug_abbrev  0x00000000000010f2      0x139 ../../libopencm3/lib/libopencm3_stm32l0.a(systick.o)
 .debug_abbrev  0x000000000000122b       0xa6 ../../libopencm3/lib/libopencm3_stm32l0.a(nvic.o)
 .debug_abbrev  0x00000000000012d1       0x14 /usr/lib/gcc/arm-none-eabi/4.9.3/armv6-m/libgcc.a(_thumb1_case_sqi.o)
 .debug_abbrev  0x00000000000012e5       0x14 /usr/lib/gcc/arm-none-eabi/4.9.3/armv6-m/libgcc.a(_thumb1_case_uqi.o)
 .debug_abbrev  0x00000000000012f9       0x14 /usr/lib/gcc/arm-none-eabi/4.9.3/armv6-m/libgcc.a(_divsi3.o)
 .debug_abbrev  0x000000000000130d       0x14 /usr/lib/gcc/arm-none-eabi/4.9.3/armv6-m/libgcc.a(_dvmd_tls.o)

.debug_loc      0x0000000000000000     0x21be
 .debug_loc     0x0000000000000000      0x399 comm.o
 .debug_loc     0x0000000000000399      0x1d7 HAL.o
 .debug_loc     0x0000000000000570      0x180 neuron.o
 .debug_loc     0x00000000000006f0      0x322 main.o
 .debug_loc     0x0000000000000a12      0x278 ../../libopencm3/lib/libopencm3_stm32l0.a(rcc.o)
 .debug_loc     0x0000000000000c8a      0xc30 ../../libopencm3/lib/libopencm3_stm32l0.a(timer_common_all.o)
 .debug_loc     0x00000000000018ba       0x76 ../../libopencm3/lib/libopencm3_stm32l0.a(gpio_common_all.o)
 .debug_loc     0x0000000000001930      0x17f ../../libopencm3/lib/libopencm3_stm32l0.a(gpio_common_f0234.o)
 .debug_loc     0x0000000000001aaf      0x108 ../../libopencm3/lib/libopencm3_stm32l0.a(rcc_common_all.o)
 .debug_loc     0x0000000000001bb7      0x214 ../../libopencm3/lib/libopencm3_stm32l0.a(adc_common_v2.o)
 .debug_loc     0x0000000000001dcb      0x174 ../../libopencm3/lib/libopencm3_stm32l0.a(exti_common_all.o)
 .debug_loc     0x0000000000001f3f       0xba ../../libopencm3/lib/libopencm3_stm32l0.a(vector.o)
 .debug_loc     0x0000000000001ff9       0xc5 ../../libopencm3/lib/libopencm3_stm32l0.a(systick.o)
 .debug_loc     0x00000000000020be      0x100 ../../libopencm3/lib/libopencm3_stm32l0.a(nvic.o)

.debug_aranges  0x0000000000000000      0x810
 .debug_aranges
                0x0000000000000000       0x50 comm.o
 .debug_aranges
                0x0000000000000050       0x80 HAL.o
 .debug_aranges
                0x00000000000000d0       0x48 neuron.o
 .debug_aranges
                0x0000000000000118       0x28 main.o
 .debug_aranges
                0x0000000000000140       0xa8 ../../libopencm3/lib/libopencm3_stm32l0.a(rcc.o)
 .debug_aranges
                0x00000000000001e8      0x278 ../../libopencm3/lib/libopencm3_stm32l0.a(timer_common_all.o)
 .debug_aranges
                0x0000000000000460       0x50 ../../libopencm3/lib/libopencm3_stm32l0.a(gpio_common_all.o)
 .debug_aranges
                0x00000000000004b0       0x30 ../../libopencm3/lib/libopencm3_stm32l0.a(gpio_common_f0234.o)
 .debug_aranges
                0x00000000000004e0       0x68 ../../libopencm3/lib/libopencm3_stm32l0.a(rcc_common_all.o)
 .debug_aranges
                0x0000000000000548      0x108 ../../libopencm3/lib/libopencm3_stm32l0.a(adc_common_v2.o)
 .debug_aranges
                0x0000000000000650       0x48 ../../libopencm3/lib/libopencm3_stm32l0.a(exti_common_all.o)
 .debug_aranges
                0x0000000000000698       0x30 ../../libopencm3/lib/libopencm3_stm32l0.a(vector.o)
 .debug_aranges
                0x00000000000006c8       0x78 ../../libopencm3/lib/libopencm3_stm32l0.a(systick.o)
 .debug_aranges
                0x0000000000000740       0x50 ../../libopencm3/lib/libopencm3_stm32l0.a(nvic.o)
 .debug_aranges
                0x0000000000000790       0x20 /usr/lib/gcc/arm-none-eabi/4.9.3/armv6-m/libgcc.a(_thumb1_case_sqi.o)
 .debug_aranges
                0x00000000000007b0       0x20 /usr/lib/gcc/arm-none-eabi/4.9.3/armv6-m/libgcc.a(_thumb1_case_uqi.o)
 .debug_aranges
                0x00000000000007d0       0x20 /usr/lib/gcc/arm-none-eabi/4.9.3/armv6-m/libgcc.a(_divsi3.o)
 .debug_aranges
                0x00000000000007f0       0x20 /usr/lib/gcc/arm-none-eabi/4.9.3/armv6-m/libgcc.a(_dvmd_tls.o)

.debug_ranges   0x0000000000000000      0x708
 .debug_ranges  0x0000000000000000       0x68 comm.o
 .debug_ranges  0x0000000000000068       0x70 HAL.o
 .debug_ranges  0x00000000000000d8       0x38 neuron.o
 .debug_ranges  0x0000000000000110       0x18 main.o
 .debug_ranges  0x0000000000000128       0x98 ../../libopencm3/lib/libopencm3_stm32l0.a(rcc.o)
 .debug_ranges  0x00000000000001c0      0x268 ../../libopencm3/lib/libopencm3_stm32l0.a(timer_common_all.o)
 .debug_ranges  0x0000000000000428       0x40 ../../libopencm3/lib/libopencm3_stm32l0.a(gpio_common_all.o)
 .debug_ranges  0x0000000000000468       0x20 ../../libopencm3/lib/libopencm3_stm32l0.a(gpio_common_f0234.o)
 .debug_ranges  0x0000000000000488       0x58 ../../libopencm3/lib/libopencm3_stm32l0.a(rcc_common_all.o)
 .debug_ranges  0x00000000000004e0      0x110 ../../libopencm3/lib/libopencm3_stm32l0.a(adc_common_v2.o)
 .debug_ranges  0x00000000000005f0       0x38 ../../libopencm3/lib/libopencm3_stm32l0.a(exti_common_all.o)
 .debug_ranges  0x0000000000000628       0x20 ../../libopencm3/lib/libopencm3_stm32l0.a(vector.o)
 .debug_ranges  0x0000000000000648       0x80 ../../libopencm3/lib/libopencm3_stm32l0.a(systick.o)
 .debug_ranges  0x00000000000006c8       0x40 ../../libopencm3/lib/libopencm3_stm32l0.a(nvic.o)

.debug_line     0x0000000000000000     0x2d32
 .debug_line    0x0000000000000000      0x22a comm.o
 .debug_line    0x000000000000022a      0x310 HAL.o
 .debug_line    0x000000000000053a      0x178 neuron.o
 .debug_line    0x00000000000006b2      0x1a5 main.o
 .debug_line    0x0000000000000857      0x3a2 ../../libopencm3/lib/libopencm3_stm32l0.a(rcc.o)
 .debug_line    0x0000000000000bf9      0x8b6 ../../libopencm3/lib/libopencm3_stm32l0.a(timer_common_all.o)
 .debug_line    0x00000000000014af      0x2bb ../../libopencm3/lib/libopencm3_stm32l0.a(gpio_common_all.o)
 .debug_line    0x000000000000176a      0x2a8 ../../libopencm3/lib/libopencm3_stm32l0.a(gpio_common_f0234.o)
 .debug_line    0x0000000000001a12      0x2c7 ../../libopencm3/lib/libopencm3_stm32l0.a(rcc_common_all.o)
 .debug_line    0x0000000000001cd9      0x48b ../../libopencm3/lib/libopencm3_stm32l0.a(adc_common_v2.o)
 .debug_line    0x0000000000002164      0x31a ../../libopencm3/lib/libopencm3_stm32l0.a(exti_common_all.o)
 .debug_line    0x000000000000247e      0x292 ../../libopencm3/lib/libopencm3_stm32l0.a(vector.o)
 .debug_line    0x0000000000002710      0x24b ../../libopencm3/lib/libopencm3_stm32l0.a(systick.o)
 .debug_line    0x000000000000295b      0x23a ../../libopencm3/lib/libopencm3_stm32l0.a(nvic.o)
 .debug_line    0x0000000000002b95       0x66 /usr/lib/gcc/arm-none-eabi/4.9.3/armv6-m/libgcc.a(_thumb1_case_sqi.o)
 .debug_line    0x0000000000002bfb       0x66 /usr/lib/gcc/arm-none-eabi/4.9.3/armv6-m/libgcc.a(_thumb1_case_uqi.o)
 .debug_line    0x0000000000002c61       0x73 /usr/lib/gcc/arm-none-eabi/4.9.3/armv6-m/libgcc.a(_divsi3.o)
 .debug_line    0x0000000000002cd4       0x5e /usr/lib/gcc/arm-none-eabi/4.9.3/armv6-m/libgcc.a(_dvmd_tls.o)

.debug_str      0x0000000000000000    0x12058
 .debug_str     0x0000000000000000      0x427 comm.o
                                        0x4f0 (size before relaxing)
 .debug_str     0x0000000000000427      0x786 HAL.o
                                        0x96c (size before relaxing)
 .debug_str     0x0000000000000bad      0x1f2 neuron.o
                                        0x3bb (size before relaxing)
 .debug_str     0x0000000000000d9f      0x137 main.o
                                        0x5b3 (size before relaxing)
 .debug_str     0x0000000000000ed6     0x6327 ../../libopencm3/lib/libopencm3_stm32l0.a(rcc.o)
                                       0x6506 (size before relaxing)
 .debug_str     0x00000000000071fd     0x613a ../../libopencm3/lib/libopencm3_stm32l0.a(timer_common_all.o)
                                       0xc581 (size before relaxing)
 .debug_str     0x000000000000d337     0x14ec ../../libopencm3/lib/libopencm3_stm32l0.a(gpio_common_all.o)
                                       0x51e9 (size before relaxing)
 .debug_str     0x000000000000e823       0x61 ../../libopencm3/lib/libopencm3_stm32l0.a(gpio_common_f0234.o)
                                       0x520b (size before relaxing)
 .debug_str     0x000000000000e884      0x11f ../../libopencm3/lib/libopencm3_stm32l0.a(rcc_common_all.o)
                                       0x6829 (size before relaxing)
 .debug_str     0x000000000000e9a3      0xbaa ../../libopencm3/lib/libopencm3_stm32l0.a(adc_common_v2.o)
                                       0x4938 (size before relaxing)
 .debug_str     0x000000000000f54d      0xba3 ../../libopencm3/lib/libopencm3_stm32l0.a(exti_common_all.o)
                                       0x5dac (size before relaxing)
 .debug_str     0x00000000000100f0     0x12e9 ../../libopencm3/lib/libopencm3_stm32l0.a(vector.o)
                                       0x4731 (size before relaxing)
 .debug_str     0x00000000000113d9      0x2e6 ../../libopencm3/lib/libopencm3_stm32l0.a(systick.o)
                                       0x379e (size before relaxing)
 .debug_str     0x00000000000116bf      0x999 ../../libopencm3/lib/libopencm3_stm32l0.a(nvic.o)
                                       0x423e (size before relaxing)

.comment        0x0000000000000000       0x38
 .comment       0x0000000000000000       0x38 comm.o
                                         0x39 (size before relaxing)
 .comment       0x0000000000000038       0x39 HAL.o
 .comment       0x0000000000000038       0x39 neuron.o
 .comment       0x0000000000000038       0x39 main.o
 .comment       0x0000000000000038       0x39 ../../libopencm3/lib/libopencm3_stm32l0.a(rcc.o)
 .comment       0x0000000000000038       0x39 ../../libopencm3/lib/libopencm3_stm32l0.a(timer_common_all.o)
 .comment       0x0000000000000038       0x39 ../../libopencm3/lib/libopencm3_stm32l0.a(gpio_common_all.o)
 .comment       0x0000000000000038       0x39 ../../libopencm3/lib/libopencm3_stm32l0.a(gpio_common_f0234.o)
 .comment       0x0000000000000038       0x39 ../../libopencm3/lib/libopencm3_stm32l0.a(rcc_common_all.o)
 .comment       0x0000000000000038       0x39 ../../libopencm3/lib/libopencm3_stm32l0.a(adc_common_v2.o)
 .comment       0x0000000000000038       0x39 ../../libopencm3/lib/libopencm3_stm32l0.a(exti_common_all.o)
 .comment       0x0000000000000038       0x39 ../../libopencm3/lib/libopencm3_stm32l0.a(vector.o)
 .comment       0x0000000000000038       0x39 ../../libopencm3/lib/libopencm3_stm32l0.a(systick.o)
 .comment       0x0000000000000038       0x39 ../../libopencm3/lib/libopencm3_stm32l0.a(nvic.o)

.ARM.attributes
                0x0000000000000000       0x32
 .ARM.attributes
                0x0000000000000000       0x32 comm.o
 .ARM.attributes
                0x0000000000000032       0x32 HAL.o
 .ARM.attributes
                0x0000000000000064       0x32 neuron.o
 .ARM.attributes
                0x0000000000000096       0x32 main.o
 .ARM.attributes
                0x00000000000000c8       0x32 ../../libopencm3/lib/libopencm3_stm32l0.a(rcc.o)
 .ARM.attributes
                0x00000000000000fa       0x32 ../../libopencm3/lib/libopencm3_stm32l0.a(timer_common_all.o)
 .ARM.attributes
                0x000000000000012c       0x32 ../../libopencm3/lib/libopencm3_stm32l0.a(gpio_common_all.o)
 .ARM.attributes
                0x000000000000015e       0x32 ../../libopencm3/lib/libopencm3_stm32l0.a(gpio_common_f0234.o)
 .ARM.attributes
                0x0000000000000190       0x32 ../../libopencm3/lib/libopencm3_stm32l0.a(rcc_common_all.o)
 .ARM.attributes
                0x00000000000001c2       0x32 ../../libopencm3/lib/libopencm3_stm32l0.a(adc_common_v2.o)
 .ARM.attributes
                0x00000000000001f4       0x32 ../../libopencm3/lib/libopencm3_stm32l0.a(exti_common_all.o)
 .ARM.attributes
                0x0000000000000226       0x32 ../../libopencm3/lib/libopencm3_stm32l0.a(vector.o)
 .ARM.attributes
                0x0000000000000258       0x32 ../../libopencm3/lib/libopencm3_stm32l0.a(systick.o)
 .ARM.attributes
                0x000000000000028a       0x32 ../../libopencm3/lib/libopencm3_stm32l0.a(nvic.o)
 .ARM.attributes
                0x00000000000002bc       0x1e /usr/lib/gcc/arm-none-eabi/4.9.3/armv6-m/libgcc.a(_thumb1_case_sqi.o)
 .ARM.attributes
                0x00000000000002da       0x1e /usr/lib/gcc/arm-none-eabi/4.9.3/armv6-m/libgcc.a(_thumb1_case_uqi.o)
 .ARM.attributes
                0x00000000000002f8       0x1e /usr/lib/gcc/arm-none-eabi/4.9.3/armv6-m/libgcc.a(_divsi3.o)
 .ARM.attributes
                0x0000000000000316       0x1e /usr/lib/gcc/arm-none-eabi/4.9.3/armv6-m/libgcc.a(_dvmd_tls.o)

.debug_frame    0x0000000000000000      0xfb4
 .debug_frame   0x0000000000000000       0xc4 comm.o
 .debug_frame   0x00000000000000c4      0x148 HAL.o
 .debug_frame   0x000000000000020c       0x84 neuron.o
 .debug_frame   0x0000000000000290       0x4c main.o
 .debug_frame   0x00000000000002dc      0x178 ../../libopencm3/lib/libopencm3_stm32l0.a(rcc.o)
 .debug_frame   0x0000000000000454      0x568 ../../libopencm3/lib/libopencm3_stm32l0.a(timer_common_all.o)
 .debug_frame   0x00000000000009bc       0x80 ../../libopencm3/lib/libopencm3_stm32l0.a(gpio_common_all.o)
 .debug_frame   0x0000000000000a3c       0x70 ../../libopencm3/lib/libopencm3_stm32l0.a(gpio_common_f0234.o)
 .debug_frame   0x0000000000000aac       0xc0 ../../libopencm3/lib/libopencm3_stm32l0.a(rcc_common_all.o)
 .debug_frame   0x0000000000000b6c      0x210 ../../libopencm3/lib/libopencm3_stm32l0.a(adc_common_v2.o)
 .debug_frame   0x0000000000000d7c       0x80 ../../libopencm3/lib/libopencm3_stm32l0.a(exti_common_all.o)
 .debug_frame   0x0000000000000dfc       0x40 ../../libopencm3/lib/libopencm3_stm32l0.a(vector.o)
 .debug_frame   0x0000000000000e3c       0xd8 ../../libopencm3/lib/libopencm3_stm32l0.a(systick.o)
 .debug_frame   0x0000000000000f14       0x80 ../../libopencm3/lib/libopencm3_stm32l0.a(nvic.o)
 .debug_frame   0x0000000000000f94       0x20 /usr/lib/gcc/arm-none-eabi/4.9.3/armv6-m/libgcc.a(_divsi3.o)

.debug_macro    0x0000000000000000     0x3fa6
 .debug_macro   0x0000000000000000       0xb5 ../../libopencm3/lib/libopencm3_stm32l0.a(rcc.o)
 .debug_macro   0x00000000000000b5      0x82c ../../libopencm3/lib/libopencm3_stm32l0.a(rcc.o)
 .debug_macro   0x00000000000008e1       0x22 ../../libopencm3/lib/libopencm3_stm32l0.a(rcc.o)
 .debug_macro   0x0000000000000903       0x44 ../../libopencm3/lib/libopencm3_stm32l0.a(rcc.o)
 .debug_macro   0x0000000000000947       0xe3 ../../libopencm3/lib/libopencm3_stm32l0.a(rcc.o)
 .debug_macro   0x0000000000000a2a       0x22 ../../libopencm3/lib/libopencm3_stm32l0.a(rcc.o)
 .debug_macro   0x0000000000000a4c      0x1df ../../libopencm3/lib/libopencm3_stm32l0.a(rcc.o)
 .debug_macro   0x0000000000000c2b       0x22 ../../libopencm3/lib/libopencm3_stm32l0.a(rcc.o)
 .debug_macro   0x0000000000000c4d       0xfa ../../libopencm3/lib/libopencm3_stm32l0.a(rcc.o)
 .debug_macro   0x0000000000000d47       0x16 ../../libopencm3/lib/libopencm3_stm32l0.a(rcc.o)
 .debug_macro   0x0000000000000d5d       0x34 ../../libopencm3/lib/libopencm3_stm32l0.a(rcc.o)
 .debug_macro   0x0000000000000d91      0x148 ../../libopencm3/lib/libopencm3_stm32l0.a(rcc.o)
 .debug_macro   0x0000000000000ed9      0x922 ../../libopencm3/lib/libopencm3_stm32l0.a(rcc.o)
 .debug_macro   0x00000000000017fb       0xce ../../libopencm3/lib/libopencm3_stm32l0.a(timer_common_all.o)
 .debug_macro   0x00000000000018c9      0xf4d ../../libopencm3/lib/libopencm3_stm32l0.a(timer_common_all.o)
 .debug_macro   0x0000000000002816      0x37a ../../libopencm3/lib/libopencm3_stm32l0.a(timer_common_all.o)
 .debug_macro   0x0000000000002b90       0xc8 ../../libopencm3/lib/libopencm3_stm32l0.a(gpio_common_all.o)
 .debug_macro   0x0000000000002c58       0x76 ../../libopencm3/lib/libopencm3_stm32l0.a(gpio_common_all.o)
 .debug_macro   0x0000000000002cce      0x2e6 ../../libopencm3/lib/libopencm3_stm32l0.a(gpio_common_all.o)
 .debug_macro   0x0000000000002fb4      0x14e ../../libopencm3/lib/libopencm3_stm32l0.a(gpio_common_all.o)
 .debug_macro   0x0000000000003102       0x3a ../../libopencm3/lib/libopencm3_stm32l0.a(gpio_common_all.o)
 .debug_macro   0x000000000000313c       0xc8 ../../libopencm3/lib/libopencm3_stm32l0.a(gpio_common_f0234.o)
 .debug_macro   0x0000000000003204       0xc0 ../../libopencm3/lib/libopencm3_stm32l0.a(rcc_common_all.o)
 .debug_macro   0x00000000000032c4       0xb3 ../../libopencm3/lib/libopencm3_stm32l0.a(adc_common_v2.o)
 .debug_macro   0x0000000000003377      0x182 ../../libopencm3/lib/libopencm3_stm32l0.a(adc_common_v2.o)
 .debug_macro   0x00000000000034f9       0x34 ../../libopencm3/lib/libopencm3_stm32l0.a(adc_common_v2.o)
 .debug_macro   0x000000000000352d       0x46 ../../libopencm3/lib/libopencm3_stm32l0.a(adc_common_v2.o)
 .debug_macro   0x0000000000003573       0xec ../../libopencm3/lib/libopencm3_stm32l0.a(exti_common_all.o)
 .debug_macro   0x000000000000365f      0x112 ../../libopencm3/lib/libopencm3_stm32l0.a(exti_common_all.o)
 .debug_macro   0x0000000000003771      0x136 ../../libopencm3/lib/libopencm3_stm32l0.a(exti_common_all.o)
 .debug_macro   0x00000000000038a7       0xc1 ../../libopencm3/lib/libopencm3_stm32l0.a(vector.o)
 .debug_macro   0x0000000000003968      0x1b1 ../../libopencm3/lib/libopencm3_stm32l0.a(vector.o)
 .debug_macro   0x0000000000003b19       0x46 ../../libopencm3/lib/libopencm3_stm32l0.a(vector.o)
 .debug_macro   0x0000000000003b5f       0xca ../../libopencm3/lib/libopencm3_stm32l0.a(vector.o)
 .debug_macro   0x0000000000003c29       0x84 ../../libopencm3/lib/libopencm3_stm32l0.a(systick.o)
 .debug_macro   0x0000000000003cad       0x64 ../../libopencm3/lib/libopencm3_stm32l0.a(systick.o)
 .debug_macro   0x0000000000003d11       0xa5 ../../libopencm3/lib/libopencm3_stm32l0.a(nvic.o)
 .debug_macro   0x0000000000003db6       0x40 ../../libopencm3/lib/libopencm3_stm32l0.a(nvic.o)
 .debug_macro   0x0000000000003df6      0x1b0 ../../libopencm3/lib/libopencm3_stm32l0.a(nvic.o)
