Archive member included because of file (symbol)

../libopencm3/lib/libopencm3_stm32l0.a(rcc.o)
                              HAL.o (rcc_osc_on)
../libopencm3/lib/libopencm3_stm32l0.a(timer_common_all.o)
                              HAL.o (timer_reset)
../libopencm3/lib/libopencm3_stm32l0.a(gpio_common_all.o)
                              HAL.o (gpio_get)
../libopencm3/lib/libopencm3_stm32l0.a(gpio_common_f0234.o)
                              HAL.o (gpio_mode_setup)
../libopencm3/lib/libopencm3_stm32l0.a(rcc_common_all.o)
                              HAL.o (rcc_periph_clock_enable)
../libopencm3/lib/libopencm3_stm32l0.a(adc_common_v2.o)
                              main.o (adc_eoc)
../libopencm3/lib/libopencm3_stm32l0.a(vector.o)
                              (reset_handler)
../libopencm3/lib/libopencm3_stm32l0.a(systick.o)
                              HAL.o (systick_set_clocksource)
../libopencm3/lib/libopencm3_stm32l0.a(assert.o)
                              ../libopencm3/lib/libopencm3_stm32l0.a(rcc.o) (cm3_assert_failed)
/usr/bin/../lib/gcc/arm-none-eabi/4.9.3/armv6-m/libgcc.a(_thumb1_case_sqi.o)
                              ../libopencm3/lib/libopencm3_stm32l0.a(timer_common_all.o) (__gnu_thumb1_case_sqi)
/usr/bin/../lib/gcc/arm-none-eabi/4.9.3/armv6-m/libgcc.a(_thumb1_case_uqi.o)
                              ../libopencm3/lib/libopencm3_stm32l0.a(rcc.o) (__gnu_thumb1_case_uqi)
/usr/bin/../lib/gcc/arm-none-eabi/4.9.3/armv6-m/libgcc.a(_udivsi3.o)
                              ../libopencm3/lib/libopencm3_stm32l0.a(systick.o) (__aeabi_uidiv)
/usr/bin/../lib/gcc/arm-none-eabi/4.9.3/armv6-m/libgcc.a(_divsi3.o)
                              main.o (__aeabi_idiv)
/usr/bin/../lib/gcc/arm-none-eabi/4.9.3/armv6-m/libgcc.a(_dvmd_tls.o)
                              /usr/bin/../lib/gcc/arm-none-eabi/4.9.3/armv6-m/libgcc.a(_udivsi3.o) (__aeabi_idiv0)

Discarded input sections

 .text          0x0000000000000000        0x0 HAL.o
 .data          0x0000000000000000        0x0 HAL.o
 .bss           0x0000000000000000        0x0 HAL.o
 .data.channel_array
                0x0000000000000000        0x3 HAL.o
 .text          0x0000000000000000        0x0 main.o
 .data          0x0000000000000000        0x0 main.o
 .bss           0x0000000000000000        0x0 main.o
 .group         0x0000000000000000        0x8 ../libopencm3/lib/libopencm3_stm32l0.a(rcc.o)
 .group         0x0000000000000000        0x8 ../libopencm3/lib/libopencm3_stm32l0.a(rcc.o)
 .group         0x0000000000000000        0x8 ../libopencm3/lib/libopencm3_stm32l0.a(rcc.o)
 .group         0x0000000000000000        0x8 ../libopencm3/lib/libopencm3_stm32l0.a(rcc.o)
 .group         0x0000000000000000        0x8 ../libopencm3/lib/libopencm3_stm32l0.a(rcc.o)
 .group         0x0000000000000000        0x8 ../libopencm3/lib/libopencm3_stm32l0.a(rcc.o)
 .group         0x0000000000000000        0x8 ../libopencm3/lib/libopencm3_stm32l0.a(rcc.o)
 .group         0x0000000000000000        0x8 ../libopencm3/lib/libopencm3_stm32l0.a(rcc.o)
 .group         0x0000000000000000        0x8 ../libopencm3/lib/libopencm3_stm32l0.a(rcc.o)
 .group         0x0000000000000000        0x8 ../libopencm3/lib/libopencm3_stm32l0.a(rcc.o)
 .group         0x0000000000000000        0x8 ../libopencm3/lib/libopencm3_stm32l0.a(rcc.o)
 .group         0x0000000000000000        0x8 ../libopencm3/lib/libopencm3_stm32l0.a(rcc.o)
 .text          0x0000000000000000        0x0 ../libopencm3/lib/libopencm3_stm32l0.a(rcc.o)
 .data          0x0000000000000000        0x0 ../libopencm3/lib/libopencm3_stm32l0.a(rcc.o)
 .bss           0x0000000000000000        0x0 ../libopencm3/lib/libopencm3_stm32l0.a(rcc.o)
 .text.rcc_osc_off
                0x0000000000000000       0x5c ../libopencm3/lib/libopencm3_stm32l0.a(rcc.o)
 .text.rcc_osc_bypass_enable
                0x0000000000000000       0x28 ../libopencm3/lib/libopencm3_stm32l0.a(rcc.o)
 .text.rcc_osc_bypass_disable
                0x0000000000000000       0x2c ../libopencm3/lib/libopencm3_stm32l0.a(rcc.o)
 .text.rcc_osc_ready_int_clear
                0x0000000000000000       0x3c ../libopencm3/lib/libopencm3_stm32l0.a(rcc.o)
 .text.rcc_osc_ready_int_enable
                0x0000000000000000       0x3c ../libopencm3/lib/libopencm3_stm32l0.a(rcc.o)
 .text.rcc_osc_ready_int_disable
                0x0000000000000000       0x3c ../libopencm3/lib/libopencm3_stm32l0.a(rcc.o)
 .text.rcc_osc_ready_int_flag
                0x0000000000000000       0x48 ../libopencm3/lib/libopencm3_stm32l0.a(rcc.o)
 .text.rcc_is_osc_ready
                0x0000000000000000       0x58 ../libopencm3/lib/libopencm3_stm32l0.a(rcc.o)
 .text.rcc_wait_for_osc_ready
                0x0000000000000000       0x10 ../libopencm3/lib/libopencm3_stm32l0.a(rcc.o)
 .text.rcc_set_hsi48_source_rc48
                0x0000000000000000       0x14 ../libopencm3/lib/libopencm3_stm32l0.a(rcc.o)
 .text.rcc_set_hsi48_source_pll
                0x0000000000000000       0x14 ../libopencm3/lib/libopencm3_stm32l0.a(rcc.o)
 .text.rcc_set_pll_multiplier
                0x0000000000000000       0x18 ../libopencm3/lib/libopencm3_stm32l0.a(rcc.o)
 .text.rcc_set_pll_divider
                0x0000000000000000       0x18 ../libopencm3/lib/libopencm3_stm32l0.a(rcc.o)
 .text.rcc_set_ppre1
                0x0000000000000000       0x18 ../libopencm3/lib/libopencm3_stm32l0.a(rcc.o)
 .text.rcc_set_ppre2
                0x0000000000000000       0x18 ../libopencm3/lib/libopencm3_stm32l0.a(rcc.o)
 .text.rcc_set_hpre
                0x0000000000000000       0x14 ../libopencm3/lib/libopencm3_stm32l0.a(rcc.o)
 .group         0x0000000000000000        0x8 ../libopencm3/lib/libopencm3_stm32l0.a(timer_common_all.o)
 .group         0x0000000000000000        0x8 ../libopencm3/lib/libopencm3_stm32l0.a(timer_common_all.o)
 .group         0x0000000000000000        0x8 ../libopencm3/lib/libopencm3_stm32l0.a(timer_common_all.o)
 .group         0x0000000000000000        0x8 ../libopencm3/lib/libopencm3_stm32l0.a(timer_common_all.o)
 .group         0x0000000000000000        0x8 ../libopencm3/lib/libopencm3_stm32l0.a(timer_common_all.o)
 .group         0x0000000000000000        0x8 ../libopencm3/lib/libopencm3_stm32l0.a(timer_common_all.o)
 .group         0x0000000000000000        0x8 ../libopencm3/lib/libopencm3_stm32l0.a(timer_common_all.o)
 .group         0x0000000000000000        0x8 ../libopencm3/lib/libopencm3_stm32l0.a(timer_common_all.o)
 .group         0x0000000000000000        0x8 ../libopencm3/lib/libopencm3_stm32l0.a(timer_common_all.o)
 .group         0x0000000000000000        0x8 ../libopencm3/lib/libopencm3_stm32l0.a(timer_common_all.o)
 .group         0x0000000000000000        0x8 ../libopencm3/lib/libopencm3_stm32l0.a(timer_common_all.o)
 .group         0x0000000000000000        0x8 ../libopencm3/lib/libopencm3_stm32l0.a(timer_common_all.o)
 .group         0x0000000000000000        0x8 ../libopencm3/lib/libopencm3_stm32l0.a(timer_common_all.o)
 .text          0x0000000000000000        0x0 ../libopencm3/lib/libopencm3_stm32l0.a(timer_common_all.o)
 .data          0x0000000000000000        0x0 ../libopencm3/lib/libopencm3_stm32l0.a(timer_common_all.o)
 .bss           0x0000000000000000        0x0 ../libopencm3/lib/libopencm3_stm32l0.a(timer_common_all.o)
 .text.timer_enable_irq
                0x0000000000000000        0x8 ../libopencm3/lib/libopencm3_stm32l0.a(timer_common_all.o)
 .text.timer_disable_irq
                0x0000000000000000        0x8 ../libopencm3/lib/libopencm3_stm32l0.a(timer_common_all.o)
 .text.timer_interrupt_source
                0x0000000000000000       0x16 ../libopencm3/lib/libopencm3_stm32l0.a(timer_common_all.o)
 .text.timer_get_flag
                0x0000000000000000        0xe ../libopencm3/lib/libopencm3_stm32l0.a(timer_common_all.o)
 .text.timer_clear_flag
                0x0000000000000000        0x6 ../libopencm3/lib/libopencm3_stm32l0.a(timer_common_all.o)
 .text.timer_set_clock_division
                0x0000000000000000       0x1c ../libopencm3/lib/libopencm3_stm32l0.a(timer_common_all.o)
 .text.timer_enable_preload
                0x0000000000000000        0xa ../libopencm3/lib/libopencm3_stm32l0.a(timer_common_all.o)
 .text.timer_disable_preload
                0x0000000000000000        0xa ../libopencm3/lib/libopencm3_stm32l0.a(timer_common_all.o)
 .text.timer_set_alignment
                0x0000000000000000       0x12 ../libopencm3/lib/libopencm3_stm32l0.a(timer_common_all.o)
 .text.timer_direction_up
                0x0000000000000000        0xa ../libopencm3/lib/libopencm3_stm32l0.a(timer_common_all.o)
 .text.timer_direction_down
                0x0000000000000000        0xa ../libopencm3/lib/libopencm3_stm32l0.a(timer_common_all.o)
 .text.timer_one_shot_mode
                0x0000000000000000        0xa ../libopencm3/lib/libopencm3_stm32l0.a(timer_common_all.o)
 .text.timer_continuous_mode
                0x0000000000000000        0xa ../libopencm3/lib/libopencm3_stm32l0.a(timer_common_all.o)
 .text.timer_update_on_any
                0x0000000000000000        0xa ../libopencm3/lib/libopencm3_stm32l0.a(timer_common_all.o)
 .text.timer_update_on_overflow
                0x0000000000000000        0xa ../libopencm3/lib/libopencm3_stm32l0.a(timer_common_all.o)
 .text.timer_enable_update_event
                0x0000000000000000        0xa ../libopencm3/lib/libopencm3_stm32l0.a(timer_common_all.o)
 .text.timer_disable_update_event
                0x0000000000000000        0xa ../libopencm3/lib/libopencm3_stm32l0.a(timer_common_all.o)
 .text.timer_disable_counter
                0x0000000000000000        0xa ../libopencm3/lib/libopencm3_stm32l0.a(timer_common_all.o)
 .text.timer_set_output_idle_state
                0x0000000000000000        0x2 ../libopencm3/lib/libopencm3_stm32l0.a(timer_common_all.o)
 .text.timer_reset_output_idle_state
                0x0000000000000000        0x2 ../libopencm3/lib/libopencm3_stm32l0.a(timer_common_all.o)
 .text.timer_set_ti1_ch123_xor
                0x0000000000000000        0xa ../libopencm3/lib/libopencm3_stm32l0.a(timer_common_all.o)
 .text.timer_set_ti1_ch1
                0x0000000000000000        0xa ../libopencm3/lib/libopencm3_stm32l0.a(timer_common_all.o)
 .text.timer_set_master_mode
                0x0000000000000000       0x10 ../libopencm3/lib/libopencm3_stm32l0.a(timer_common_all.o)
 .text.timer_set_dma_on_compare_event
                0x0000000000000000        0xa ../libopencm3/lib/libopencm3_stm32l0.a(timer_common_all.o)
 .text.timer_set_dma_on_update_event
                0x0000000000000000        0xa ../libopencm3/lib/libopencm3_stm32l0.a(timer_common_all.o)
 .text.timer_enable_compare_control_update_on_trigger
                0x0000000000000000        0x2 ../libopencm3/lib/libopencm3_stm32l0.a(timer_common_all.o)
 .text.timer_disable_compare_control_update_on_trigger
                0x0000000000000000        0x2 ../libopencm3/lib/libopencm3_stm32l0.a(timer_common_all.o)
 .text.timer_enable_preload_complementry_enable_bits
                0x0000000000000000        0x2 ../libopencm3/lib/libopencm3_stm32l0.a(timer_common_all.o)
 .text.timer_disable_preload_complementry_enable_bits
                0x0000000000000000        0x2 ../libopencm3/lib/libopencm3_stm32l0.a(timer_common_all.o)
 .text.timer_set_repetition_counter
                0x0000000000000000        0x2 ../libopencm3/lib/libopencm3_stm32l0.a(timer_common_all.o)
 .text.timer_enable_oc_clear
                0x0000000000000000       0x3a ../libopencm3/lib/libopencm3_stm32l0.a(timer_common_all.o)
 .text.timer_disable_oc_clear
                0x0000000000000000       0x40 ../libopencm3/lib/libopencm3_stm32l0.a(timer_common_all.o)
 .text.timer_set_oc_fast_mode
                0x0000000000000000       0x3a ../libopencm3/lib/libopencm3_stm32l0.a(timer_common_all.o)
 .text.timer_set_oc_slow_mode
                0x0000000000000000       0x40 ../libopencm3/lib/libopencm3_stm32l0.a(timer_common_all.o)
 .text.timer_enable_oc_preload
                0x0000000000000000       0x3a ../libopencm3/lib/libopencm3_stm32l0.a(timer_common_all.o)
 .text.timer_disable_oc_preload
                0x0000000000000000       0x40 ../libopencm3/lib/libopencm3_stm32l0.a(timer_common_all.o)
 .text.timer_set_oc_polarity_high
                0x0000000000000000       0x3c ../libopencm3/lib/libopencm3_stm32l0.a(timer_common_all.o)
 .text.timer_set_oc_polarity_low
                0x0000000000000000       0x36 ../libopencm3/lib/libopencm3_stm32l0.a(timer_common_all.o)
 .text.timer_disable_oc_output
                0x0000000000000000       0x3c ../libopencm3/lib/libopencm3_stm32l0.a(timer_common_all.o)
 .text.timer_set_oc_idle_state_set
                0x0000000000000000        0x2 ../libopencm3/lib/libopencm3_stm32l0.a(timer_common_all.o)
 .text.timer_set_oc_idle_state_unset
                0x0000000000000000        0x2 ../libopencm3/lib/libopencm3_stm32l0.a(timer_common_all.o)
 .text.timer_enable_break_main_output
                0x0000000000000000        0x2 ../libopencm3/lib/libopencm3_stm32l0.a(timer_common_all.o)
 .text.timer_disable_break_main_output
                0x0000000000000000        0x2 ../libopencm3/lib/libopencm3_stm32l0.a(timer_common_all.o)
 .text.timer_enable_break_automatic_output
                0x0000000000000000        0x2 ../libopencm3/lib/libopencm3_stm32l0.a(timer_common_all.o)
 .text.timer_disable_break_automatic_output
                0x0000000000000000        0x2 ../libopencm3/lib/libopencm3_stm32l0.a(timer_common_all.o)
 .text.timer_set_break_polarity_high
                0x0000000000000000        0x2 ../libopencm3/lib/libopencm3_stm32l0.a(timer_common_all.o)
 .text.timer_set_break_polarity_low
                0x0000000000000000        0x2 ../libopencm3/lib/libopencm3_stm32l0.a(timer_common_all.o)
 .text.timer_enable_break
                0x0000000000000000        0x2 ../libopencm3/lib/libopencm3_stm32l0.a(timer_common_all.o)
 .text.timer_disable_break
                0x0000000000000000        0x2 ../libopencm3/lib/libopencm3_stm32l0.a(timer_common_all.o)
 .text.timer_set_enabled_off_state_in_run_mode
                0x0000000000000000        0x2 ../libopencm3/lib/libopencm3_stm32l0.a(timer_common_all.o)
 .text.timer_set_disabled_off_state_in_run_mode
                0x0000000000000000        0x2 ../libopencm3/lib/libopencm3_stm32l0.a(timer_common_all.o)
 .text.timer_set_enabled_off_state_in_idle_mode
                0x0000000000000000        0x2 ../libopencm3/lib/libopencm3_stm32l0.a(timer_common_all.o)
 .text.timer_set_disabled_off_state_in_idle_mode
                0x0000000000000000        0x2 ../libopencm3/lib/libopencm3_stm32l0.a(timer_common_all.o)
 .text.timer_set_break_lock
                0x0000000000000000        0x2 ../libopencm3/lib/libopencm3_stm32l0.a(timer_common_all.o)
 .text.timer_set_deadtime
                0x0000000000000000        0x2 ../libopencm3/lib/libopencm3_stm32l0.a(timer_common_all.o)
 .text.timer_generate_event
                0x0000000000000000        0x8 ../libopencm3/lib/libopencm3_stm32l0.a(timer_common_all.o)
 .text.timer_get_counter
                0x0000000000000000        0x4 ../libopencm3/lib/libopencm3_stm32l0.a(timer_common_all.o)
 .text.timer_set_counter
                0x0000000000000000        0x4 ../libopencm3/lib/libopencm3_stm32l0.a(timer_common_all.o)
 .text.timer_ic_set_filter
                0x0000000000000000       0x58 ../libopencm3/lib/libopencm3_stm32l0.a(timer_common_all.o)
 .text.timer_ic_set_prescaler
                0x0000000000000000       0x58 ../libopencm3/lib/libopencm3_stm32l0.a(timer_common_all.o)
 .text.timer_ic_set_input
                0x0000000000000000       0x68 ../libopencm3/lib/libopencm3_stm32l0.a(timer_common_all.o)
 .text.timer_ic_enable
                0x0000000000000000       0x12 ../libopencm3/lib/libopencm3_stm32l0.a(timer_common_all.o)
 .text.timer_ic_disable
                0x0000000000000000        0xe ../libopencm3/lib/libopencm3_stm32l0.a(timer_common_all.o)
 .text.timer_slave_set_filter
                0x0000000000000000       0x18 ../libopencm3/lib/libopencm3_stm32l0.a(timer_common_all.o)
 .text.timer_slave_set_prescaler
                0x0000000000000000       0x18 ../libopencm3/lib/libopencm3_stm32l0.a(timer_common_all.o)
 .text.timer_slave_set_polarity
                0x0000000000000000       0x1c ../libopencm3/lib/libopencm3_stm32l0.a(timer_common_all.o)
 .text.timer_slave_set_mode
                0x0000000000000000       0x10 ../libopencm3/lib/libopencm3_stm32l0.a(timer_common_all.o)
 .text.timer_slave_set_trigger
                0x0000000000000000       0x10 ../libopencm3/lib/libopencm3_stm32l0.a(timer_common_all.o)
 .debug_macro   0x0000000000000000      0x820 ../libopencm3/lib/libopencm3_stm32l0.a(timer_common_all.o)
 .debug_macro   0x0000000000000000       0x22 ../libopencm3/lib/libopencm3_stm32l0.a(timer_common_all.o)
 .debug_macro   0x0000000000000000       0x44 ../libopencm3/lib/libopencm3_stm32l0.a(timer_common_all.o)
 .debug_macro   0x0000000000000000       0xe3 ../libopencm3/lib/libopencm3_stm32l0.a(timer_common_all.o)
 .debug_macro   0x0000000000000000       0x22 ../libopencm3/lib/libopencm3_stm32l0.a(timer_common_all.o)
 .debug_macro   0x0000000000000000      0x1df ../libopencm3/lib/libopencm3_stm32l0.a(timer_common_all.o)
 .debug_macro   0x0000000000000000       0x22 ../libopencm3/lib/libopencm3_stm32l0.a(timer_common_all.o)
 .debug_macro   0x0000000000000000       0xfa ../libopencm3/lib/libopencm3_stm32l0.a(timer_common_all.o)
 .debug_macro   0x0000000000000000       0x34 ../libopencm3/lib/libopencm3_stm32l0.a(timer_common_all.o)
 .debug_macro   0x0000000000000000      0x148 ../libopencm3/lib/libopencm3_stm32l0.a(timer_common_all.o)
 .debug_macro   0x0000000000000000      0x8a4 ../libopencm3/lib/libopencm3_stm32l0.a(timer_common_all.o)
 .group         0x0000000000000000        0x8 ../libopencm3/lib/libopencm3_stm32l0.a(gpio_common_all.o)
 .group         0x0000000000000000        0x8 ../libopencm3/lib/libopencm3_stm32l0.a(gpio_common_all.o)
 .group         0x0000000000000000        0x8 ../libopencm3/lib/libopencm3_stm32l0.a(gpio_common_all.o)
 .group         0x0000000000000000        0x8 ../libopencm3/lib/libopencm3_stm32l0.a(gpio_common_all.o)
 .group         0x0000000000000000        0x8 ../libopencm3/lib/libopencm3_stm32l0.a(gpio_common_all.o)
 .group         0x0000000000000000        0x8 ../libopencm3/lib/libopencm3_stm32l0.a(gpio_common_all.o)
 .group         0x0000000000000000        0x8 ../libopencm3/lib/libopencm3_stm32l0.a(gpio_common_all.o)
 .group         0x0000000000000000        0x8 ../libopencm3/lib/libopencm3_stm32l0.a(gpio_common_all.o)
 .group         0x0000000000000000        0x8 ../libopencm3/lib/libopencm3_stm32l0.a(gpio_common_all.o)
 .group         0x0000000000000000        0x8 ../libopencm3/lib/libopencm3_stm32l0.a(gpio_common_all.o)
 .group         0x0000000000000000        0x8 ../libopencm3/lib/libopencm3_stm32l0.a(gpio_common_all.o)
 .group         0x0000000000000000        0x8 ../libopencm3/lib/libopencm3_stm32l0.a(gpio_common_all.o)
 .group         0x0000000000000000        0x8 ../libopencm3/lib/libopencm3_stm32l0.a(gpio_common_all.o)
 .group         0x0000000000000000        0x8 ../libopencm3/lib/libopencm3_stm32l0.a(gpio_common_all.o)
 .text          0x0000000000000000        0x0 ../libopencm3/lib/libopencm3_stm32l0.a(gpio_common_all.o)
 .data          0x0000000000000000        0x0 ../libopencm3/lib/libopencm3_stm32l0.a(gpio_common_all.o)
 .bss           0x0000000000000000        0x0 ../libopencm3/lib/libopencm3_stm32l0.a(gpio_common_all.o)
 .text.gpio_set
                0x0000000000000000        0x4 ../libopencm3/lib/libopencm3_stm32l0.a(gpio_common_all.o)
 .text.gpio_clear
                0x0000000000000000        0x6 ../libopencm3/lib/libopencm3_stm32l0.a(gpio_common_all.o)
 .text.gpio_toggle
                0x0000000000000000       0x10 ../libopencm3/lib/libopencm3_stm32l0.a(gpio_common_all.o)
 .text.gpio_port_read
                0x0000000000000000        0x6 ../libopencm3/lib/libopencm3_stm32l0.a(gpio_common_all.o)
 .text.gpio_port_write
                0x0000000000000000        0x4 ../libopencm3/lib/libopencm3_stm32l0.a(gpio_common_all.o)
 .text.gpio_port_config_lock
                0x0000000000000000       0x12 ../libopencm3/lib/libopencm3_stm32l0.a(gpio_common_all.o)
 .debug_macro   0x0000000000000000      0x820 ../libopencm3/lib/libopencm3_stm32l0.a(gpio_common_all.o)
 .debug_macro   0x0000000000000000       0x22 ../libopencm3/lib/libopencm3_stm32l0.a(gpio_common_all.o)
 .debug_macro   0x0000000000000000       0x44 ../libopencm3/lib/libopencm3_stm32l0.a(gpio_common_all.o)
 .debug_macro   0x0000000000000000       0xe3 ../libopencm3/lib/libopencm3_stm32l0.a(gpio_common_all.o)
 .debug_macro   0x0000000000000000       0x22 ../libopencm3/lib/libopencm3_stm32l0.a(gpio_common_all.o)
 .debug_macro   0x0000000000000000      0x1df ../libopencm3/lib/libopencm3_stm32l0.a(gpio_common_all.o)
 .debug_macro   0x0000000000000000       0x22 ../libopencm3/lib/libopencm3_stm32l0.a(gpio_common_all.o)
 .debug_macro   0x0000000000000000       0xfa ../libopencm3/lib/libopencm3_stm32l0.a(gpio_common_all.o)
 .debug_macro   0x0000000000000000       0x34 ../libopencm3/lib/libopencm3_stm32l0.a(gpio_common_all.o)
 .debug_macro   0x0000000000000000      0x148 ../libopencm3/lib/libopencm3_stm32l0.a(gpio_common_all.o)
 .group         0x0000000000000000        0x8 ../libopencm3/lib/libopencm3_stm32l0.a(gpio_common_f0234.o)
 .group         0x0000000000000000        0x8 ../libopencm3/lib/libopencm3_stm32l0.a(gpio_common_f0234.o)
 .group         0x0000000000000000        0x8 ../libopencm3/lib/libopencm3_stm32l0.a(gpio_common_f0234.o)
 .group         0x0000000000000000        0x8 ../libopencm3/lib/libopencm3_stm32l0.a(gpio_common_f0234.o)
 .group         0x0000000000000000        0x8 ../libopencm3/lib/libopencm3_stm32l0.a(gpio_common_f0234.o)
 .group         0x0000000000000000        0x8 ../libopencm3/lib/libopencm3_stm32l0.a(gpio_common_f0234.o)
 .group         0x0000000000000000        0x8 ../libopencm3/lib/libopencm3_stm32l0.a(gpio_common_f0234.o)
 .group         0x0000000000000000        0x8 ../libopencm3/lib/libopencm3_stm32l0.a(gpio_common_f0234.o)
 .group         0x0000000000000000        0x8 ../libopencm3/lib/libopencm3_stm32l0.a(gpio_common_f0234.o)
 .group         0x0000000000000000        0x8 ../libopencm3/lib/libopencm3_stm32l0.a(gpio_common_f0234.o)
 .group         0x0000000000000000        0x8 ../libopencm3/lib/libopencm3_stm32l0.a(gpio_common_f0234.o)
 .group         0x0000000000000000        0x8 ../libopencm3/lib/libopencm3_stm32l0.a(gpio_common_f0234.o)
 .group         0x0000000000000000        0x8 ../libopencm3/lib/libopencm3_stm32l0.a(gpio_common_f0234.o)
 .group         0x0000000000000000        0x8 ../libopencm3/lib/libopencm3_stm32l0.a(gpio_common_f0234.o)
 .text          0x0000000000000000        0x0 ../libopencm3/lib/libopencm3_stm32l0.a(gpio_common_f0234.o)
 .data          0x0000000000000000        0x0 ../libopencm3/lib/libopencm3_stm32l0.a(gpio_common_f0234.o)
 .bss           0x0000000000000000        0x0 ../libopencm3/lib/libopencm3_stm32l0.a(gpio_common_f0234.o)
 .debug_macro   0x0000000000000000      0x820 ../libopencm3/lib/libopencm3_stm32l0.a(gpio_common_f0234.o)
 .debug_macro   0x0000000000000000       0x22 ../libopencm3/lib/libopencm3_stm32l0.a(gpio_common_f0234.o)
 .debug_macro   0x0000000000000000       0x44 ../libopencm3/lib/libopencm3_stm32l0.a(gpio_common_f0234.o)
 .debug_macro   0x0000000000000000       0xe3 ../libopencm3/lib/libopencm3_stm32l0.a(gpio_common_f0234.o)
 .debug_macro   0x0000000000000000       0x22 ../libopencm3/lib/libopencm3_stm32l0.a(gpio_common_f0234.o)
 .debug_macro   0x0000000000000000      0x1df ../libopencm3/lib/libopencm3_stm32l0.a(gpio_common_f0234.o)
 .debug_macro   0x0000000000000000       0x22 ../libopencm3/lib/libopencm3_stm32l0.a(gpio_common_f0234.o)
 .debug_macro   0x0000000000000000       0xfa ../libopencm3/lib/libopencm3_stm32l0.a(gpio_common_f0234.o)
 .debug_macro   0x0000000000000000       0x34 ../libopencm3/lib/libopencm3_stm32l0.a(gpio_common_f0234.o)
 .debug_macro   0x0000000000000000      0x148 ../libopencm3/lib/libopencm3_stm32l0.a(gpio_common_f0234.o)
 .debug_macro   0x0000000000000000       0x76 ../libopencm3/lib/libopencm3_stm32l0.a(gpio_common_f0234.o)
 .debug_macro   0x0000000000000000      0x2e6 ../libopencm3/lib/libopencm3_stm32l0.a(gpio_common_f0234.o)
 .debug_macro   0x0000000000000000      0x14e ../libopencm3/lib/libopencm3_stm32l0.a(gpio_common_f0234.o)
 .debug_macro   0x0000000000000000       0x3a ../libopencm3/lib/libopencm3_stm32l0.a(gpio_common_f0234.o)
 .group         0x0000000000000000        0x8 ../libopencm3/lib/libopencm3_stm32l0.a(rcc_common_all.o)
 .group         0x0000000000000000        0x8 ../libopencm3/lib/libopencm3_stm32l0.a(rcc_common_all.o)
 .group         0x0000000000000000        0x8 ../libopencm3/lib/libopencm3_stm32l0.a(rcc_common_all.o)
 .group         0x0000000000000000        0x8 ../libopencm3/lib/libopencm3_stm32l0.a(rcc_common_all.o)
 .group         0x0000000000000000        0x8 ../libopencm3/lib/libopencm3_stm32l0.a(rcc_common_all.o)
 .group         0x0000000000000000        0x8 ../libopencm3/lib/libopencm3_stm32l0.a(rcc_common_all.o)
 .group         0x0000000000000000        0x8 ../libopencm3/lib/libopencm3_stm32l0.a(rcc_common_all.o)
 .group         0x0000000000000000        0x8 ../libopencm3/lib/libopencm3_stm32l0.a(rcc_common_all.o)
 .group         0x0000000000000000        0x8 ../libopencm3/lib/libopencm3_stm32l0.a(rcc_common_all.o)
 .group         0x0000000000000000        0x8 ../libopencm3/lib/libopencm3_stm32l0.a(rcc_common_all.o)
 .group         0x0000000000000000        0x8 ../libopencm3/lib/libopencm3_stm32l0.a(rcc_common_all.o)
 .text          0x0000000000000000        0x0 ../libopencm3/lib/libopencm3_stm32l0.a(rcc_common_all.o)
 .data          0x0000000000000000        0x0 ../libopencm3/lib/libopencm3_stm32l0.a(rcc_common_all.o)
 .bss           0x0000000000000000        0x0 ../libopencm3/lib/libopencm3_stm32l0.a(rcc_common_all.o)
 .text.rcc_peripheral_enable_clock
                0x0000000000000000        0x8 ../libopencm3/lib/libopencm3_stm32l0.a(rcc_common_all.o)
 .text.rcc_peripheral_disable_clock
                0x0000000000000000        0x8 ../libopencm3/lib/libopencm3_stm32l0.a(rcc_common_all.o)
 .text.rcc_peripheral_reset
                0x0000000000000000        0x8 ../libopencm3/lib/libopencm3_stm32l0.a(rcc_common_all.o)
 .text.rcc_peripheral_clear_reset
                0x0000000000000000        0x8 ../libopencm3/lib/libopencm3_stm32l0.a(rcc_common_all.o)
 .text.rcc_periph_clock_disable
                0x0000000000000000       0x1c ../libopencm3/lib/libopencm3_stm32l0.a(rcc_common_all.o)
 .text.rcc_periph_reset_hold
                0x0000000000000000       0x20 ../libopencm3/lib/libopencm3_stm32l0.a(rcc_common_all.o)
 .text.rcc_periph_reset_release
                0x0000000000000000       0x1c ../libopencm3/lib/libopencm3_stm32l0.a(rcc_common_all.o)
 .text.rcc_set_mco
                0x0000000000000000       0x18 ../libopencm3/lib/libopencm3_stm32l0.a(rcc_common_all.o)
 .debug_macro   0x0000000000000000      0x820 ../libopencm3/lib/libopencm3_stm32l0.a(rcc_common_all.o)
 .debug_macro   0x0000000000000000       0x22 ../libopencm3/lib/libopencm3_stm32l0.a(rcc_common_all.o)
 .debug_macro   0x0000000000000000       0x44 ../libopencm3/lib/libopencm3_stm32l0.a(rcc_common_all.o)
 .debug_macro   0x0000000000000000       0xe3 ../libopencm3/lib/libopencm3_stm32l0.a(rcc_common_all.o)
 .debug_macro   0x0000000000000000       0x22 ../libopencm3/lib/libopencm3_stm32l0.a(rcc_common_all.o)
 .debug_macro   0x0000000000000000      0x1df ../libopencm3/lib/libopencm3_stm32l0.a(rcc_common_all.o)
 .debug_macro   0x0000000000000000       0x22 ../libopencm3/lib/libopencm3_stm32l0.a(rcc_common_all.o)
 .debug_macro   0x0000000000000000       0xfa ../libopencm3/lib/libopencm3_stm32l0.a(rcc_common_all.o)
 .debug_macro   0x0000000000000000       0x34 ../libopencm3/lib/libopencm3_stm32l0.a(rcc_common_all.o)
 .debug_macro   0x0000000000000000      0x148 ../libopencm3/lib/libopencm3_stm32l0.a(rcc_common_all.o)
 .debug_macro   0x0000000000000000      0x8a4 ../libopencm3/lib/libopencm3_stm32l0.a(rcc_common_all.o)
 .group         0x0000000000000000        0x8 ../libopencm3/lib/libopencm3_stm32l0.a(adc_common_v2.o)
 .group         0x0000000000000000        0x8 ../libopencm3/lib/libopencm3_stm32l0.a(adc_common_v2.o)
 .group         0x0000000000000000        0x8 ../libopencm3/lib/libopencm3_stm32l0.a(adc_common_v2.o)
 .group         0x0000000000000000        0x8 ../libopencm3/lib/libopencm3_stm32l0.a(adc_common_v2.o)
 .group         0x0000000000000000        0x8 ../libopencm3/lib/libopencm3_stm32l0.a(adc_common_v2.o)
 .group         0x0000000000000000        0x8 ../libopencm3/lib/libopencm3_stm32l0.a(adc_common_v2.o)
 .group         0x0000000000000000        0x8 ../libopencm3/lib/libopencm3_stm32l0.a(adc_common_v2.o)
 .group         0x0000000000000000        0x8 ../libopencm3/lib/libopencm3_stm32l0.a(adc_common_v2.o)
 .group         0x0000000000000000        0x8 ../libopencm3/lib/libopencm3_stm32l0.a(adc_common_v2.o)
 .group         0x0000000000000000        0x8 ../libopencm3/lib/libopencm3_stm32l0.a(adc_common_v2.o)
 .group         0x0000000000000000        0x8 ../libopencm3/lib/libopencm3_stm32l0.a(adc_common_v2.o)
 .group         0x0000000000000000        0x8 ../libopencm3/lib/libopencm3_stm32l0.a(adc_common_v2.o)
 .group         0x0000000000000000        0x8 ../libopencm3/lib/libopencm3_stm32l0.a(adc_common_v2.o)
 .text          0x0000000000000000        0x0 ../libopencm3/lib/libopencm3_stm32l0.a(adc_common_v2.o)
 .data          0x0000000000000000        0x0 ../libopencm3/lib/libopencm3_stm32l0.a(adc_common_v2.o)
 .bss           0x0000000000000000        0x0 ../libopencm3/lib/libopencm3_stm32l0.a(adc_common_v2.o)
 .text.adc_eos  0x0000000000000000        0x8 ../libopencm3/lib/libopencm3_stm32l0.a(adc_common_v2.o)
 .text.adc_is_power_on
                0x0000000000000000        0x8 ../libopencm3/lib/libopencm3_stm32l0.a(adc_common_v2.o)
 .text.adc_calibrate_async
                0x0000000000000000        0x8 ../libopencm3/lib/libopencm3_stm32l0.a(adc_common_v2.o)
 .text.adc_set_continuous_conversion_mode
                0x0000000000000000        0xc ../libopencm3/lib/libopencm3_stm32l0.a(adc_common_v2.o)
 .text.adc_set_left_aligned
                0x0000000000000000        0xa ../libopencm3/lib/libopencm3_stm32l0.a(adc_common_v2.o)
 .text.adc_enable_dma
                0x0000000000000000        0xa ../libopencm3/lib/libopencm3_stm32l0.a(adc_common_v2.o)
 .text.adc_disable_dma
                0x0000000000000000        0xa ../libopencm3/lib/libopencm3_stm32l0.a(adc_common_v2.o)
 .text.adc_enable_overrun_interrupt
                0x0000000000000000        0xa ../libopencm3/lib/libopencm3_stm32l0.a(adc_common_v2.o)
 .text.adc_disable_overrun_interrupt
                0x0000000000000000        0xa ../libopencm3/lib/libopencm3_stm32l0.a(adc_common_v2.o)
 .text.adc_get_overrun_flag
                0x0000000000000000        0x8 ../libopencm3/lib/libopencm3_stm32l0.a(adc_common_v2.o)
 .text.adc_clear_overrun_flag
                0x0000000000000000        0x6 ../libopencm3/lib/libopencm3_stm32l0.a(adc_common_v2.o)
 .text.adc_enable_eoc_interrupt
                0x0000000000000000        0xa ../libopencm3/lib/libopencm3_stm32l0.a(adc_common_v2.o)
 .text.adc_disable_eoc_interrupt
                0x0000000000000000        0xa ../libopencm3/lib/libopencm3_stm32l0.a(adc_common_v2.o)
 .text.adc_enable_temperature_sensor
                0x0000000000000000       0x14 ../libopencm3/lib/libopencm3_stm32l0.a(adc_common_v2.o)
 .text.adc_disable_temperature_sensor
                0x0000000000000000       0x14 ../libopencm3/lib/libopencm3_stm32l0.a(adc_common_v2.o)
 .text.adc_enable_vrefint
                0x0000000000000000       0x14 ../libopencm3/lib/libopencm3_stm32l0.a(adc_common_v2.o)
 .text.adc_disable_vrefint
                0x0000000000000000       0x14 ../libopencm3/lib/libopencm3_stm32l0.a(adc_common_v2.o)
 .debug_macro   0x0000000000000000      0x820 ../libopencm3/lib/libopencm3_stm32l0.a(adc_common_v2.o)
 .debug_macro   0x0000000000000000       0x22 ../libopencm3/lib/libopencm3_stm32l0.a(adc_common_v2.o)
 .debug_macro   0x0000000000000000       0x44 ../libopencm3/lib/libopencm3_stm32l0.a(adc_common_v2.o)
 .debug_macro   0x0000000000000000       0xe3 ../libopencm3/lib/libopencm3_stm32l0.a(adc_common_v2.o)
 .debug_macro   0x0000000000000000       0x22 ../libopencm3/lib/libopencm3_stm32l0.a(adc_common_v2.o)
 .debug_macro   0x0000000000000000      0x1df ../libopencm3/lib/libopencm3_stm32l0.a(adc_common_v2.o)
 .debug_macro   0x0000000000000000       0x22 ../libopencm3/lib/libopencm3_stm32l0.a(adc_common_v2.o)
 .debug_macro   0x0000000000000000       0xfa ../libopencm3/lib/libopencm3_stm32l0.a(adc_common_v2.o)
 .debug_macro   0x0000000000000000       0x34 ../libopencm3/lib/libopencm3_stm32l0.a(adc_common_v2.o)
 .debug_macro   0x0000000000000000      0x148 ../libopencm3/lib/libopencm3_stm32l0.a(adc_common_v2.o)
 .group         0x0000000000000000        0x8 ../libopencm3/lib/libopencm3_stm32l0.a(vector.o)
 .group         0x0000000000000000        0x8 ../libopencm3/lib/libopencm3_stm32l0.a(vector.o)
 .group         0x0000000000000000        0x8 ../libopencm3/lib/libopencm3_stm32l0.a(vector.o)
 .group         0x0000000000000000        0x8 ../libopencm3/lib/libopencm3_stm32l0.a(vector.o)
 .group         0x0000000000000000        0x8 ../libopencm3/lib/libopencm3_stm32l0.a(vector.o)
 .group         0x0000000000000000        0x8 ../libopencm3/lib/libopencm3_stm32l0.a(vector.o)
 .group         0x0000000000000000        0x8 ../libopencm3/lib/libopencm3_stm32l0.a(vector.o)
 .group         0x0000000000000000        0x8 ../libopencm3/lib/libopencm3_stm32l0.a(vector.o)
 .group         0x0000000000000000        0x8 ../libopencm3/lib/libopencm3_stm32l0.a(vector.o)
 .group         0x0000000000000000        0x8 ../libopencm3/lib/libopencm3_stm32l0.a(vector.o)
 .group         0x0000000000000000        0x8 ../libopencm3/lib/libopencm3_stm32l0.a(vector.o)
 .group         0x0000000000000000        0x8 ../libopencm3/lib/libopencm3_stm32l0.a(vector.o)
 .text          0x0000000000000000        0x0 ../libopencm3/lib/libopencm3_stm32l0.a(vector.o)
 .data          0x0000000000000000        0x0 ../libopencm3/lib/libopencm3_stm32l0.a(vector.o)
 .bss           0x0000000000000000        0x0 ../libopencm3/lib/libopencm3_stm32l0.a(vector.o)
 .debug_macro   0x0000000000000000      0x820 ../libopencm3/lib/libopencm3_stm32l0.a(vector.o)
 .debug_macro   0x0000000000000000       0x34 ../libopencm3/lib/libopencm3_stm32l0.a(vector.o)
 .debug_macro   0x0000000000000000       0x22 ../libopencm3/lib/libopencm3_stm32l0.a(vector.o)
 .debug_macro   0x0000000000000000       0x44 ../libopencm3/lib/libopencm3_stm32l0.a(vector.o)
 .debug_macro   0x0000000000000000       0xe3 ../libopencm3/lib/libopencm3_stm32l0.a(vector.o)
 .debug_macro   0x0000000000000000       0x22 ../libopencm3/lib/libopencm3_stm32l0.a(vector.o)
 .debug_macro   0x0000000000000000      0x1df ../libopencm3/lib/libopencm3_stm32l0.a(vector.o)
 .debug_macro   0x0000000000000000       0x22 ../libopencm3/lib/libopencm3_stm32l0.a(vector.o)
 .debug_macro   0x0000000000000000       0xfa ../libopencm3/lib/libopencm3_stm32l0.a(vector.o)
 .group         0x0000000000000000        0x8 ../libopencm3/lib/libopencm3_stm32l0.a(systick.o)
 .group         0x0000000000000000        0x8 ../libopencm3/lib/libopencm3_stm32l0.a(systick.o)
 .group         0x0000000000000000        0x8 ../libopencm3/lib/libopencm3_stm32l0.a(systick.o)
 .group         0x0000000000000000        0x8 ../libopencm3/lib/libopencm3_stm32l0.a(systick.o)
 .group         0x0000000000000000        0x8 ../libopencm3/lib/libopencm3_stm32l0.a(systick.o)
 .group         0x0000000000000000        0x8 ../libopencm3/lib/libopencm3_stm32l0.a(systick.o)
 .group         0x0000000000000000        0x8 ../libopencm3/lib/libopencm3_stm32l0.a(systick.o)
 .group         0x0000000000000000        0x8 ../libopencm3/lib/libopencm3_stm32l0.a(systick.o)
 .group         0x0000000000000000        0x8 ../libopencm3/lib/libopencm3_stm32l0.a(systick.o)
 .group         0x0000000000000000        0x8 ../libopencm3/lib/libopencm3_stm32l0.a(systick.o)
 .text          0x0000000000000000        0x0 ../libopencm3/lib/libopencm3_stm32l0.a(systick.o)
 .data          0x0000000000000000        0x0 ../libopencm3/lib/libopencm3_stm32l0.a(systick.o)
 .bss           0x0000000000000000        0x0 ../libopencm3/lib/libopencm3_stm32l0.a(systick.o)
 .text.systick_set_reload
                0x0000000000000000       0x10 ../libopencm3/lib/libopencm3_stm32l0.a(systick.o)
 .text.systick_get_reload
                0x0000000000000000       0x10 ../libopencm3/lib/libopencm3_stm32l0.a(systick.o)
 .text.systick_get_value
                0x0000000000000000       0x10 ../libopencm3/lib/libopencm3_stm32l0.a(systick.o)
 .text.systick_set_frequency
                0x0000000000000000       0x28 ../libopencm3/lib/libopencm3_stm32l0.a(systick.o)
 .text.systick_interrupt_disable
                0x0000000000000000       0x10 ../libopencm3/lib/libopencm3_stm32l0.a(systick.o)
 .text.systick_counter_disable
                0x0000000000000000       0x10 ../libopencm3/lib/libopencm3_stm32l0.a(systick.o)
 .text.systick_get_countflag
                0x0000000000000000       0x10 ../libopencm3/lib/libopencm3_stm32l0.a(systick.o)
 .text.systick_clear
                0x0000000000000000        0xc ../libopencm3/lib/libopencm3_stm32l0.a(systick.o)
 .text.systick_get_calib
                0x0000000000000000       0x10 ../libopencm3/lib/libopencm3_stm32l0.a(systick.o)
 .debug_macro   0x0000000000000000      0x820 ../libopencm3/lib/libopencm3_stm32l0.a(systick.o)
 .debug_macro   0x0000000000000000       0x34 ../libopencm3/lib/libopencm3_stm32l0.a(systick.o)
 .debug_macro   0x0000000000000000       0x22 ../libopencm3/lib/libopencm3_stm32l0.a(systick.o)
 .debug_macro   0x0000000000000000       0x44 ../libopencm3/lib/libopencm3_stm32l0.a(systick.o)
 .debug_macro   0x0000000000000000       0xe3 ../libopencm3/lib/libopencm3_stm32l0.a(systick.o)
 .debug_macro   0x0000000000000000       0x22 ../libopencm3/lib/libopencm3_stm32l0.a(systick.o)
 .debug_macro   0x0000000000000000      0x1df ../libopencm3/lib/libopencm3_stm32l0.a(systick.o)
 .debug_macro   0x0000000000000000       0x22 ../libopencm3/lib/libopencm3_stm32l0.a(systick.o)
 .debug_macro   0x0000000000000000       0xfa ../libopencm3/lib/libopencm3_stm32l0.a(systick.o)
 .group         0x0000000000000000        0x8 ../libopencm3/lib/libopencm3_stm32l0.a(assert.o)
 .group         0x0000000000000000        0x8 ../libopencm3/lib/libopencm3_stm32l0.a(assert.o)
 .group         0x0000000000000000        0x8 ../libopencm3/lib/libopencm3_stm32l0.a(assert.o)
 .group         0x0000000000000000        0x8 ../libopencm3/lib/libopencm3_stm32l0.a(assert.o)
 .group         0x0000000000000000        0x8 ../libopencm3/lib/libopencm3_stm32l0.a(assert.o)
 .group         0x0000000000000000        0x8 ../libopencm3/lib/libopencm3_stm32l0.a(assert.o)
 .group         0x0000000000000000        0x8 ../libopencm3/lib/libopencm3_stm32l0.a(assert.o)
 .group         0x0000000000000000        0x8 ../libopencm3/lib/libopencm3_stm32l0.a(assert.o)
 .group         0x0000000000000000        0x8 ../libopencm3/lib/libopencm3_stm32l0.a(assert.o)
 .text          0x0000000000000000        0x0 ../libopencm3/lib/libopencm3_stm32l0.a(assert.o)
 .data          0x0000000000000000        0x0 ../libopencm3/lib/libopencm3_stm32l0.a(assert.o)
 .bss           0x0000000000000000        0x0 ../libopencm3/lib/libopencm3_stm32l0.a(assert.o)
 .text.cm3_assert_failed
                0x0000000000000000        0x2 ../libopencm3/lib/libopencm3_stm32l0.a(assert.o)
 .text.cm3_assert_failed_verbose
                0x0000000000000000        0x6 ../libopencm3/lib/libopencm3_stm32l0.a(assert.o)
 .debug_info    0x0000000000000000       0xee ../libopencm3/lib/libopencm3_stm32l0.a(assert.o)
 .debug_abbrev  0x0000000000000000       0x89 ../libopencm3/lib/libopencm3_stm32l0.a(assert.o)
 .debug_loc     0x0000000000000000       0x84 ../libopencm3/lib/libopencm3_stm32l0.a(assert.o)
 .debug_aranges
                0x0000000000000000       0x28 ../libopencm3/lib/libopencm3_stm32l0.a(assert.o)
 .debug_ranges  0x0000000000000000       0x18 ../libopencm3/lib/libopencm3_stm32l0.a(assert.o)
 .debug_macro   0x0000000000000000       0x7b ../libopencm3/lib/libopencm3_stm32l0.a(assert.o)
 .debug_macro   0x0000000000000000      0x820 ../libopencm3/lib/libopencm3_stm32l0.a(assert.o)
 .debug_macro   0x0000000000000000       0x22 ../libopencm3/lib/libopencm3_stm32l0.a(assert.o)
 .debug_macro   0x0000000000000000       0x44 ../libopencm3/lib/libopencm3_stm32l0.a(assert.o)
 .debug_macro   0x0000000000000000       0xe3 ../libopencm3/lib/libopencm3_stm32l0.a(assert.o)
 .debug_macro   0x0000000000000000       0x22 ../libopencm3/lib/libopencm3_stm32l0.a(assert.o)
 .debug_macro   0x0000000000000000      0x1df ../libopencm3/lib/libopencm3_stm32l0.a(assert.o)
 .debug_macro   0x0000000000000000       0x22 ../libopencm3/lib/libopencm3_stm32l0.a(assert.o)
 .debug_macro   0x0000000000000000       0xfa ../libopencm3/lib/libopencm3_stm32l0.a(assert.o)
 .debug_macro   0x0000000000000000       0x16 ../libopencm3/lib/libopencm3_stm32l0.a(assert.o)
 .debug_line    0x0000000000000000      0x176 ../libopencm3/lib/libopencm3_stm32l0.a(assert.o)
 .debug_str     0x0000000000000000     0x348f ../libopencm3/lib/libopencm3_stm32l0.a(assert.o)
 .comment       0x0000000000000000       0x71 ../libopencm3/lib/libopencm3_stm32l0.a(assert.o)
 .debug_frame   0x0000000000000000       0x38 ../libopencm3/lib/libopencm3_stm32l0.a(assert.o)
 .ARM.attributes
                0x0000000000000000       0x32 ../libopencm3/lib/libopencm3_stm32l0.a(assert.o)
 .data          0x0000000000000000        0x0 /usr/bin/../lib/gcc/arm-none-eabi/4.9.3/armv6-m/libgcc.a(_thumb1_case_sqi.o)
 .bss           0x0000000000000000        0x0 /usr/bin/../lib/gcc/arm-none-eabi/4.9.3/armv6-m/libgcc.a(_thumb1_case_sqi.o)
 .data          0x0000000000000000        0x0 /usr/bin/../lib/gcc/arm-none-eabi/4.9.3/armv6-m/libgcc.a(_thumb1_case_uqi.o)
 .bss           0x0000000000000000        0x0 /usr/bin/../lib/gcc/arm-none-eabi/4.9.3/armv6-m/libgcc.a(_thumb1_case_uqi.o)
 .text          0x0000000000000000      0x120 /usr/bin/../lib/gcc/arm-none-eabi/4.9.3/armv6-m/libgcc.a(_udivsi3.o)
 .data          0x0000000000000000        0x0 /usr/bin/../lib/gcc/arm-none-eabi/4.9.3/armv6-m/libgcc.a(_udivsi3.o)
 .bss           0x0000000000000000        0x0 /usr/bin/../lib/gcc/arm-none-eabi/4.9.3/armv6-m/libgcc.a(_udivsi3.o)
 .debug_frame   0x0000000000000000       0x20 /usr/bin/../lib/gcc/arm-none-eabi/4.9.3/armv6-m/libgcc.a(_udivsi3.o)
 .ARM.attributes
                0x0000000000000000       0x1e /usr/bin/../lib/gcc/arm-none-eabi/4.9.3/armv6-m/libgcc.a(_udivsi3.o)
 .data          0x0000000000000000        0x0 /usr/bin/../lib/gcc/arm-none-eabi/4.9.3/armv6-m/libgcc.a(_divsi3.o)
 .bss           0x0000000000000000        0x0 /usr/bin/../lib/gcc/arm-none-eabi/4.9.3/armv6-m/libgcc.a(_divsi3.o)
 .data          0x0000000000000000        0x0 /usr/bin/../lib/gcc/arm-none-eabi/4.9.3/armv6-m/libgcc.a(_dvmd_tls.o)
 .bss           0x0000000000000000        0x0 /usr/bin/../lib/gcc/arm-none-eabi/4.9.3/armv6-m/libgcc.a(_dvmd_tls.o)

Memory Configuration

Name             Origin             Length             Attributes
rom              0x0000000008000000 0x0000000000004000 xr
ram              0x0000000020000000 0x0000000000000800 xrw
eep              0x0000000008080000 0x0000000000000000 r
*default*        0x0000000000000000 0xffffffffffffffff

Linker script and memory map

LOAD HAL.o
LOAD main.o
LOAD ../libopencm3/lib/libopencm3_stm32l0.a
START GROUP
LOAD /usr/bin/../lib/gcc/arm-none-eabi/4.9.3/../../../../arm-none-eabi/lib/armv6-m/libc.a
LOAD /usr/bin/../lib/gcc/arm-none-eabi/4.9.3/armv6-m/libgcc.a
LOAD /usr/bin/../lib/gcc/arm-none-eabi/4.9.3/../../../../arm-none-eabi/lib/armv6-m/libnosys.a
END GROUP
START GROUP
LOAD /usr/bin/../lib/gcc/arm-none-eabi/4.9.3/armv6-m/libgcc.a
LOAD /usr/bin/../lib/gcc/arm-none-eabi/4.9.3/../../../../arm-none-eabi/lib/armv6-m/libc.a
END GROUP

.text           0x0000000008000000     0x135c
 *(.vectors)
 .vectors       0x0000000008000000       0xc0 ../libopencm3/lib/libopencm3_stm32l0.a(vector.o)
                0x0000000008000000                vector_table
 *(.text*)
 .text.sys_tick_handler
                0x00000000080000c0        0xc HAL.o
                0x00000000080000c0                sys_tick_handler
 .text.systick_setup
                0x00000000080000cc       0x1c HAL.o
                0x00000000080000cc                systick_setup
 .text.clock_setup
                0x00000000080000e8       0x10 HAL.o
                0x00000000080000e8                clock_setup
 .text.gpio_setup
                0x00000000080000f8       0xb4 HAL.o
                0x00000000080000f8                gpio_setup
 .text.tim_setup
                0x00000000080001ac       0x8e HAL.o
                0x00000000080001ac                tim_setup
 *fill*         0x000000000800023a        0x2 
 .text.adc_setup
                0x000000000800023c       0x54 HAL.o
                0x000000000800023c                adc_setup
 .text.setLED   0x0000000008000290       0x74 HAL.o
                0x0000000008000290                setLED
 .text.readButton
                0x0000000008000304       0x28 HAL.o
                0x0000000008000304                readButton
 .text.scale10bit
                0x000000000800032c       0x28 main.o
                0x000000000800032c                scale10bit
 .text.startup.main
                0x0000000008000354       0xa8 main.o
                0x0000000008000354                main
 .text.rcc_osc_on
                0x00000000080003fc       0x54 ../libopencm3/lib/libopencm3_stm32l0.a(rcc.o)
                0x00000000080003fc                rcc_osc_on
 .text.rcc_set_sysclk_source
                0x0000000008000450       0x44 ../libopencm3/lib/libopencm3_stm32l0.a(rcc.o)
                0x0000000008000450                rcc_set_sysclk_source
 .text.timer_reset
                0x0000000008000494       0x4c ../libopencm3/lib/libopencm3_stm32l0.a(timer_common_all.o)
                0x0000000008000494                timer_reset
 .text.timer_set_mode
                0x00000000080004e0       0x18 ../libopencm3/lib/libopencm3_stm32l0.a(timer_common_all.o)
                0x00000000080004e0                timer_set_mode
 .text.timer_enable_counter
                0x00000000080004f8        0xa ../libopencm3/lib/libopencm3_stm32l0.a(timer_common_all.o)
                0x00000000080004f8                timer_enable_counter
 .text.timer_set_prescaler
                0x0000000008000502        0x4 ../libopencm3/lib/libopencm3_stm32l0.a(timer_common_all.o)
                0x0000000008000502                timer_set_prescaler
 .text.timer_set_period
                0x0000000008000506        0x4 ../libopencm3/lib/libopencm3_stm32l0.a(timer_common_all.o)
                0x0000000008000506                timer_set_period
 *fill*         0x000000000800050a        0x2 
 .text.timer_set_oc_mode
                0x000000000800050c      0x14c ../libopencm3/lib/libopencm3_stm32l0.a(timer_common_all.o)
                0x000000000800050c                timer_set_oc_mode
 .text.timer_enable_oc_output
                0x0000000008000658       0x36 ../libopencm3/lib/libopencm3_stm32l0.a(timer_common_all.o)
                0x0000000008000658                timer_enable_oc_output
 .text.timer_set_oc_value
                0x000000000800068e       0x26 ../libopencm3/lib/libopencm3_stm32l0.a(timer_common_all.o)
                0x000000000800068e                timer_set_oc_value
 .text.gpio_get
                0x00000000080006b4        0x6 ../libopencm3/lib/libopencm3_stm32l0.a(gpio_common_all.o)
                0x00000000080006b4                gpio_get
 .text.gpio_mode_setup
                0x00000000080006ba       0x3c ../libopencm3/lib/libopencm3_stm32l0.a(gpio_common_f0234.o)
                0x00000000080006ba                gpio_mode_setup
 .text.gpio_set_output_options
                0x00000000080006f6       0x36 ../libopencm3/lib/libopencm3_stm32l0.a(gpio_common_f0234.o)
                0x00000000080006f6                gpio_set_output_options
 .text.gpio_set_af
                0x000000000800072c       0x4e ../libopencm3/lib/libopencm3_stm32l0.a(gpio_common_f0234.o)
                0x000000000800072c                gpio_set_af
 *fill*         0x000000000800077a        0x2 
 .text.rcc_periph_clock_enable
                0x000000000800077c       0x20 ../libopencm3/lib/libopencm3_stm32l0.a(rcc_common_all.o)
                0x000000000800077c                rcc_periph_clock_enable
 .text.rcc_periph_reset_pulse
                0x000000000800079c       0x24 ../libopencm3/lib/libopencm3_stm32l0.a(rcc_common_all.o)
                0x000000000800079c                rcc_periph_reset_pulse
 .text.adc_eoc  0x00000000080007c0        0x8 ../libopencm3/lib/libopencm3_stm32l0.a(adc_common_v2.o)
                0x00000000080007c0                adc_eoc
 .text.adc_power_on_async
                0x00000000080007c8        0xa ../libopencm3/lib/libopencm3_stm32l0.a(adc_common_v2.o)
                0x00000000080007c8                adc_power_on_async
 .text.adc_power_on
                0x00000000080007d2       0x10 ../libopencm3/lib/libopencm3_stm32l0.a(adc_common_v2.o)
                0x00000000080007d2                adc_power_on
 .text.adc_is_power_off
                0x00000000080007e2        0x8 ../libopencm3/lib/libopencm3_stm32l0.a(adc_common_v2.o)
                0x00000000080007e2                adc_is_power_off
 .text.adc_power_off_async
                0x00000000080007ea       0x32 ../libopencm3/lib/libopencm3_stm32l0.a(adc_common_v2.o)
                0x00000000080007ea                adc_power_off_async
 .text.adc_power_off
                0x000000000800081c       0x14 ../libopencm3/lib/libopencm3_stm32l0.a(adc_common_v2.o)
                0x000000000800081c                adc_power_off
 .text.adc_is_calibrating
                0x0000000008000830        0x6 ../libopencm3/lib/libopencm3_stm32l0.a(adc_common_v2.o)
                0x0000000008000830                adc_is_calibrating
 .text.adc_calibrate
                0x0000000008000836       0x16 ../libopencm3/lib/libopencm3_stm32l0.a(adc_common_v2.o)
                0x0000000008000836                adc_calibrate
 .text.adc_set_single_conversion_mode
                0x000000000800084c       0x10 ../libopencm3/lib/libopencm3_stm32l0.a(adc_common_v2.o)
                0x000000000800084c                adc_set_single_conversion_mode
 .text.adc_set_resolution
                0x000000000800085c        0xc ../libopencm3/lib/libopencm3_stm32l0.a(adc_common_v2.o)
                0x000000000800085c                adc_set_resolution
 .text.adc_set_right_aligned
                0x0000000008000868        0xa ../libopencm3/lib/libopencm3_stm32l0.a(adc_common_v2.o)
                0x0000000008000868                adc_set_right_aligned
 .text.adc_read_regular
                0x0000000008000872        0x4 ../libopencm3/lib/libopencm3_stm32l0.a(adc_common_v2.o)
                0x0000000008000872                adc_read_regular
 .text.adc_start_conversion_regular
                0x0000000008000876       0x14 ../libopencm3/lib/libopencm3_stm32l0.a(adc_common_v2.o)
                0x0000000008000876                adc_start_conversion_regular
 .text.blocking_handler
                0x000000000800088a        0x2 ../libopencm3/lib/libopencm3_stm32l0.a(vector.o)
                0x000000000800088a                rtc_isr
                0x000000000800088a                blocking_handler
                0x000000000800088a                tsc_isr
                0x000000000800088a                spi1_isr
                0x000000000800088a                i2c1_isr
                0x000000000800088a                i2c2_isr
                0x000000000800088a                tim21_isr
                0x000000000800088a                usart1_isr
                0x000000000800088a                reserved4_isr
                0x000000000800088a                exti2_3_isr
                0x000000000800088a                reserved5_isr
                0x000000000800088a                lptim1_isr
                0x000000000800088a                pvd_isr
                0x000000000800088a                lpuart1_isr
                0x000000000800088a                rcc_isr
                0x000000000800088a                reserved3_isr
                0x000000000800088a                flash_isr
                0x000000000800088a                hard_fault_handler
                0x000000000800088a                spi2_isr
                0x000000000800088a                usb_isr
                0x000000000800088a                usart2_isr
                0x000000000800088a                adc_comp_isr
                0x000000000800088a                reserved2_isr
                0x000000000800088a                reserved1_isr
                0x000000000800088a                dma1_channel1_isr
                0x000000000800088a                tim6_dac_isr
                0x000000000800088a                lcd_isr
                0x000000000800088a                dma1_channel2_3_isr
                0x000000000800088a                tim22_isr
                0x000000000800088a                exti4_15_isr
                0x000000000800088a                wwdg_isr
                0x000000000800088a                tim2_isr
                0x000000000800088a                dma1_channel4_5_isr
                0x000000000800088a                exti0_1_isr
 .text.null_handler
                0x000000000800088c        0x2 ../libopencm3/lib/libopencm3_stm32l0.a(vector.o)
                0x000000000800088c                null_handler
                0x000000000800088c                sv_call_handler
                0x000000000800088c                pend_sv_handler
                0x000000000800088c                nmi_handler
 *fill*         0x000000000800088e        0x2 
 .text.reset_handler
                0x0000000008000890       0x8c ../libopencm3/lib/libopencm3_stm32l0.a(vector.o)
                0x0000000008000890                reset_handler
 .text.systick_set_clocksource
                0x000000000800091c       0x14 ../libopencm3/lib/libopencm3_stm32l0.a(systick.o)
                0x000000000800091c                systick_set_clocksource
 .text.systick_interrupt_enable
                0x0000000008000930       0x10 ../libopencm3/lib/libopencm3_stm32l0.a(systick.o)
                0x0000000008000930                systick_interrupt_enable
 .text.systick_counter_enable
                0x0000000008000940       0x10 ../libopencm3/lib/libopencm3_stm32l0.a(systick.o)
                0x0000000008000940                systick_counter_enable
 .text          0x0000000008000950       0x14 /usr/bin/../lib/gcc/arm-none-eabi/4.9.3/armv6-m/libgcc.a(_thumb1_case_sqi.o)
                0x0000000008000950                __gnu_thumb1_case_sqi
 .text          0x0000000008000964       0x14 /usr/bin/../lib/gcc/arm-none-eabi/4.9.3/armv6-m/libgcc.a(_thumb1_case_uqi.o)
                0x0000000008000964                __gnu_thumb1_case_uqi
 .text          0x0000000008000978      0x1e0 /usr/bin/../lib/gcc/arm-none-eabi/4.9.3/armv6-m/libgcc.a(_divsi3.o)
                0x0000000008000978                __aeabi_idiv
                0x0000000008000978                __divsi3
                0x0000000008000b44                __aeabi_idivmod
 .text          0x0000000008000b58        0x4 /usr/bin/../lib/gcc/arm-none-eabi/4.9.3/armv6-m/libgcc.a(_dvmd_tls.o)
                0x0000000008000b58                __aeabi_ldiv0
                0x0000000008000b58                __aeabi_idiv0
                0x0000000008000b5c                . = ALIGN (0x4)
 *(.rodata*)
 .rodata.gamma_lookup
                0x0000000008000b5c      0x800 HAL.o
                0x000000000800135c                . = ALIGN (0x4)

.glue_7         0x000000000800135c        0x0
 .glue_7        0x0000000000000000        0x0 linker stubs

.glue_7t        0x000000000800135c        0x0
 .glue_7t       0x0000000000000000        0x0 linker stubs

.vfp11_veneer   0x000000000800135c        0x0
 .vfp11_veneer  0x0000000000000000        0x0 linker stubs

.v4_bx          0x000000000800135c        0x0
 .v4_bx         0x0000000000000000        0x0 linker stubs

.iplt           0x000000000800135c        0x0
 .iplt          0x0000000000000000        0x0 HAL.o

.rel.dyn        0x000000000800135c        0x0
 .rel.iplt      0x0000000000000000        0x0 HAL.o

.preinit_array  0x000000000800135c        0x0
                0x000000000800135c                . = ALIGN (0x4)
                0x000000000800135c                __preinit_array_start = .
 *(.preinit_array)
                0x000000000800135c                __preinit_array_end = .

.init_array     0x000000000800135c        0x0
                0x000000000800135c                . = ALIGN (0x4)
                0x000000000800135c                __init_array_start = .
 *(SORT(.init_array.*))
 *(.init_array)
                0x000000000800135c                __init_array_end = .

.fini_array     0x000000000800135c        0x0
                0x000000000800135c                . = ALIGN (0x4)
                0x000000000800135c                __fini_array_start = .
 *(.fini_array)
 *(SORT(.fini_array.*))
                0x000000000800135c                __fini_array_end = .

.ARM.extab
 *(.ARM.extab*)

.ARM.exidx      0x000000000800135c        0x0
                0x000000000800135c                __exidx_start = .
 *(.ARM.exidx*)
                0x000000000800135c                __exidx_end = .
                0x000000000800135c                . = ALIGN (0x4)
                0x000000000800135c                _etext = .

.data           0x0000000020000000        0x0 load address 0x000000000800135c
                0x0000000020000000                _data = .
 *(.data*)
                0x0000000020000000                . = ALIGN (0x4)
                0x0000000020000000                _edata = .
                0x000000000800135c                _data_loadaddr = LOADADDR (.data)

.igot.plt       0x0000000020000000        0x0 load address 0x000000000800135c
 .igot.plt      0x0000000000000000        0x0 HAL.o

.bss            0x0000000020000000       0x14 load address 0x000000000800135c
 *(.bss*)
 .bss.tick      0x0000000020000000        0x1 HAL.o
                0x0000000020000000                tick
 *fill*         0x0000000020000001        0x3 
 .bss.span      0x0000000020000004        0x4 main.o
                0x0000000020000004                span
 .bss.zero      0x0000000020000008        0x4 main.o
                0x0000000020000008                zero
 .bss.temp      0x000000002000000c        0x4 main.o
                0x000000002000000c                temp
 .bss.output    0x0000000020000010        0x4 main.o
                0x0000000020000010                output
 *(COMMON)
                0x0000000020000014                . = ALIGN (0x4)
                0x0000000020000014                _ebss = .

/DISCARD/
 *(.eh_frame)
                0x0000000020000014                . = ALIGN (0x4)
                0x0000000020000014                end = .
                0x0000000020000800                PROVIDE (_stack, (ORIGIN (ram) + 0x800))
OUTPUT(main.elf elf32-littlearm)

.debug_info     0x0000000000000000     0x3710
 .debug_info    0x0000000000000000      0xb02 HAL.o
 .debug_info    0x0000000000000b02      0x31d main.o
 .debug_info    0x0000000000000e1f      0x3d4 ../libopencm3/lib/libopencm3_stm32l0.a(rcc.o)
 .debug_info    0x00000000000011f3     0x114e ../libopencm3/lib/libopencm3_stm32l0.a(timer_common_all.o)
 .debug_info    0x0000000000002341      0x22c ../libopencm3/lib/libopencm3_stm32l0.a(gpio_common_all.o)
 .debug_info    0x000000000000256d      0x1f3 ../libopencm3/lib/libopencm3_stm32l0.a(gpio_common_f0234.o)
 .debug_info    0x0000000000002760      0x521 ../libopencm3/lib/libopencm3_stm32l0.a(rcc_common_all.o)
 .debug_info    0x0000000000002c81      0x5d7 ../libopencm3/lib/libopencm3_stm32l0.a(adc_common_v2.o)
 .debug_info    0x0000000000003258      0x2a3 ../libopencm3/lib/libopencm3_stm32l0.a(vector.o)
 .debug_info    0x00000000000034fb      0x215 ../libopencm3/lib/libopencm3_stm32l0.a(systick.o)

.debug_abbrev   0x0000000000000000      0xcbf
 .debug_abbrev  0x0000000000000000      0x193 HAL.o
 .debug_abbrev  0x0000000000000193      0x14d main.o
 .debug_abbrev  0x00000000000002e0      0x18d ../libopencm3/lib/libopencm3_stm32l0.a(rcc.o)
 .debug_abbrev  0x000000000000046d      0x168 ../libopencm3/lib/libopencm3_stm32l0.a(timer_common_all.o)
 .debug_abbrev  0x00000000000005d5      0x10e ../libopencm3/lib/libopencm3_stm32l0.a(gpio_common_all.o)
 .debug_abbrev  0x00000000000006e3       0xb7 ../libopencm3/lib/libopencm3_stm32l0.a(gpio_common_f0234.o)
 .debug_abbrev  0x000000000000079a       0xd0 ../libopencm3/lib/libopencm3_stm32l0.a(rcc_common_all.o)
 .debug_abbrev  0x000000000000086a      0x1f1 ../libopencm3/lib/libopencm3_stm32l0.a(adc_common_v2.o)
 .debug_abbrev  0x0000000000000a5b      0x12b ../libopencm3/lib/libopencm3_stm32l0.a(vector.o)
 .debug_abbrev  0x0000000000000b86      0x139 ../libopencm3/lib/libopencm3_stm32l0.a(systick.o)

.debug_loc      0x0000000000000000     0x1850
 .debug_loc     0x0000000000000000      0x1e4 HAL.o
 .debug_loc     0x00000000000001e4      0x134 main.o
 .debug_loc     0x0000000000000318      0x278 ../libopencm3/lib/libopencm3_stm32l0.a(rcc.o)
 .debug_loc     0x0000000000000590      0xc30 ../libopencm3/lib/libopencm3_stm32l0.a(timer_common_all.o)
 .debug_loc     0x00000000000011c0       0x76 ../libopencm3/lib/libopencm3_stm32l0.a(gpio_common_all.o)
 .debug_loc     0x0000000000001236      0x17f ../libopencm3/lib/libopencm3_stm32l0.a(gpio_common_f0234.o)
 .debug_loc     0x00000000000013b5      0x108 ../libopencm3/lib/libopencm3_stm32l0.a(rcc_common_all.o)
 .debug_loc     0x00000000000014bd      0x214 ../libopencm3/lib/libopencm3_stm32l0.a(adc_common_v2.o)
 .debug_loc     0x00000000000016d1       0xba ../libopencm3/lib/libopencm3_stm32l0.a(vector.o)
 .debug_loc     0x000000000000178b       0xc5 ../libopencm3/lib/libopencm3_stm32l0.a(systick.o)

.debug_aranges  0x0000000000000000      0x638
 .debug_aranges
                0x0000000000000000       0x58 HAL.o
 .debug_aranges
                0x0000000000000058       0x28 main.o
 .debug_aranges
                0x0000000000000080       0xa8 ../libopencm3/lib/libopencm3_stm32l0.a(rcc.o)
 .debug_aranges
                0x0000000000000128      0x278 ../libopencm3/lib/libopencm3_stm32l0.a(timer_common_all.o)
 .debug_aranges
                0x00000000000003a0       0x50 ../libopencm3/lib/libopencm3_stm32l0.a(gpio_common_all.o)
 .debug_aranges
                0x00000000000003f0       0x30 ../libopencm3/lib/libopencm3_stm32l0.a(gpio_common_f0234.o)
 .debug_aranges
                0x0000000000000420       0x68 ../libopencm3/lib/libopencm3_stm32l0.a(rcc_common_all.o)
 .debug_aranges
                0x0000000000000488      0x108 ../libopencm3/lib/libopencm3_stm32l0.a(adc_common_v2.o)
 .debug_aranges
                0x0000000000000590       0x30 ../libopencm3/lib/libopencm3_stm32l0.a(vector.o)
 .debug_aranges
                0x00000000000005c0       0x78 ../libopencm3/lib/libopencm3_stm32l0.a(systick.o)

.debug_ranges   0x0000000000000000      0x5c8
 .debug_ranges  0x0000000000000000       0x48 HAL.o
 .debug_ranges  0x0000000000000048       0x18 main.o
 .debug_ranges  0x0000000000000060       0x98 ../libopencm3/lib/libopencm3_stm32l0.a(rcc.o)
 .debug_ranges  0x00000000000000f8      0x268 ../libopencm3/lib/libopencm3_stm32l0.a(timer_common_all.o)
 .debug_ranges  0x0000000000000360       0x40 ../libopencm3/lib/libopencm3_stm32l0.a(gpio_common_all.o)
 .debug_ranges  0x00000000000003a0       0x20 ../libopencm3/lib/libopencm3_stm32l0.a(gpio_common_f0234.o)
 .debug_ranges  0x00000000000003c0       0x58 ../libopencm3/lib/libopencm3_stm32l0.a(rcc_common_all.o)
 .debug_ranges  0x0000000000000418      0x110 ../libopencm3/lib/libopencm3_stm32l0.a(adc_common_v2.o)
 .debug_ranges  0x0000000000000528       0x20 ../libopencm3/lib/libopencm3_stm32l0.a(vector.o)
 .debug_ranges  0x0000000000000548       0x80 ../libopencm3/lib/libopencm3_stm32l0.a(systick.o)

.debug_line     0x0000000000000000     0x221e
 .debug_line    0x0000000000000000      0x273 HAL.o
 .debug_line    0x0000000000000273      0x119 main.o
 .debug_line    0x000000000000038c      0x3b7 ../libopencm3/lib/libopencm3_stm32l0.a(rcc.o)
 .debug_line    0x0000000000000743      0x8cb ../libopencm3/lib/libopencm3_stm32l0.a(timer_common_all.o)
 .debug_line    0x000000000000100e      0x2d0 ../libopencm3/lib/libopencm3_stm32l0.a(gpio_common_all.o)
 .debug_line    0x00000000000012de      0x2bd ../libopencm3/lib/libopencm3_stm32l0.a(gpio_common_f0234.o)
 .debug_line    0x000000000000159b      0x2dc ../libopencm3/lib/libopencm3_stm32l0.a(rcc_common_all.o)
 .debug_line    0x0000000000001877      0x4a0 ../libopencm3/lib/libopencm3_stm32l0.a(adc_common_v2.o)
 .debug_line    0x0000000000001d17      0x2a7 ../libopencm3/lib/libopencm3_stm32l0.a(vector.o)
 .debug_line    0x0000000000001fbe      0x260 ../libopencm3/lib/libopencm3_stm32l0.a(systick.o)

.debug_str      0x0000000000000000    0x101b2
 .debug_str     0x0000000000000000      0x720 HAL.o
                                        0x7c3 (size before relaxing)
 .debug_str     0x0000000000000720       0x5c main.o
                                        0x278 (size before relaxing)
 .debug_str     0x000000000000077c     0x60c0 ../libopencm3/lib/libopencm3_stm32l0.a(rcc.o)
                                       0x629f (size before relaxing)
 .debug_str     0x000000000000683c     0x6148 ../libopencm3/lib/libopencm3_stm32l0.a(timer_common_all.o)
                                       0xc2f1 (size before relaxing)
 .debug_str     0x000000000000c984     0x1500 ../libopencm3/lib/libopencm3_stm32l0.a(gpio_common_all.o)
                                       0x5215 (size before relaxing)
 .debug_str     0x000000000000de84       0x61 ../libopencm3/lib/libopencm3_stm32l0.a(gpio_common_f0234.o)
                                       0x5237 (size before relaxing)
 .debug_str     0x000000000000dee5      0x13b ../libopencm3/lib/libopencm3_stm32l0.a(rcc_common_all.o)
                                       0x654d (size before relaxing)
 .debug_str     0x000000000000e020      0xbaa ../libopencm3/lib/libopencm3_stm32l0.a(adc_common_v2.o)
                                       0x4964 (size before relaxing)
 .debug_str     0x000000000000ebca     0x12ef ../libopencm3/lib/libopencm3_stm32l0.a(vector.o)
                                       0x475d (size before relaxing)
 .debug_str     0x000000000000feb9      0x2f9 ../libopencm3/lib/libopencm3_stm32l0.a(systick.o)
                                       0x37ca (size before relaxing)

.comment        0x0000000000000000       0x70
 .comment       0x0000000000000000       0x70 HAL.o
                                         0x71 (size before relaxing)
 .comment       0x0000000000000000       0x71 main.o
 .comment       0x0000000000000000       0x71 ../libopencm3/lib/libopencm3_stm32l0.a(rcc.o)
 .comment       0x0000000000000000       0x71 ../libopencm3/lib/libopencm3_stm32l0.a(timer_common_all.o)
 .comment       0x0000000000000000       0x71 ../libopencm3/lib/libopencm3_stm32l0.a(gpio_common_all.o)
 .comment       0x0000000000000000       0x71 ../libopencm3/lib/libopencm3_stm32l0.a(gpio_common_f0234.o)
 .comment       0x0000000000000000       0x71 ../libopencm3/lib/libopencm3_stm32l0.a(rcc_common_all.o)
 .comment       0x0000000000000000       0x71 ../libopencm3/lib/libopencm3_stm32l0.a(adc_common_v2.o)
 .comment       0x0000000000000000       0x71 ../libopencm3/lib/libopencm3_stm32l0.a(vector.o)
 .comment       0x0000000000000000       0x71 ../libopencm3/lib/libopencm3_stm32l0.a(systick.o)

.ARM.attributes
                0x0000000000000000       0x32
 .ARM.attributes
                0x0000000000000000       0x32 HAL.o
 .ARM.attributes
                0x0000000000000032       0x32 main.o
 .ARM.attributes
                0x0000000000000064       0x32 ../libopencm3/lib/libopencm3_stm32l0.a(rcc.o)
 .ARM.attributes
                0x0000000000000096       0x32 ../libopencm3/lib/libopencm3_stm32l0.a(timer_common_all.o)
 .ARM.attributes
                0x00000000000000c8       0x32 ../libopencm3/lib/libopencm3_stm32l0.a(gpio_common_all.o)
 .ARM.attributes
                0x00000000000000fa       0x32 ../libopencm3/lib/libopencm3_stm32l0.a(gpio_common_f0234.o)
 .ARM.attributes
                0x000000000000012c       0x32 ../libopencm3/lib/libopencm3_stm32l0.a(rcc_common_all.o)
 .ARM.attributes
                0x000000000000015e       0x32 ../libopencm3/lib/libopencm3_stm32l0.a(adc_common_v2.o)
 .ARM.attributes
                0x0000000000000190       0x32 ../libopencm3/lib/libopencm3_stm32l0.a(vector.o)
 .ARM.attributes
                0x00000000000001c2       0x32 ../libopencm3/lib/libopencm3_stm32l0.a(systick.o)
 .ARM.attributes
                0x00000000000001f4       0x1e /usr/bin/../lib/gcc/arm-none-eabi/4.9.3/armv6-m/libgcc.a(_thumb1_case_sqi.o)
 .ARM.attributes
                0x0000000000000212       0x1e /usr/bin/../lib/gcc/arm-none-eabi/4.9.3/armv6-m/libgcc.a(_thumb1_case_uqi.o)
 .ARM.attributes
                0x0000000000000230       0x1e /usr/bin/../lib/gcc/arm-none-eabi/4.9.3/armv6-m/libgcc.a(_divsi3.o)
 .ARM.attributes
                0x000000000000024e       0x1e /usr/bin/../lib/gcc/arm-none-eabi/4.9.3/armv6-m/libgcc.a(_dvmd_tls.o)

.debug_frame    0x0000000000000000      0xce8
 .debug_frame   0x0000000000000000       0xcc HAL.o
 .debug_frame   0x00000000000000cc       0x44 main.o
 .debug_frame   0x0000000000000110      0x178 ../libopencm3/lib/libopencm3_stm32l0.a(rcc.o)
 .debug_frame   0x0000000000000288      0x568 ../libopencm3/lib/libopencm3_stm32l0.a(timer_common_all.o)
 .debug_frame   0x00000000000007f0       0x80 ../libopencm3/lib/libopencm3_stm32l0.a(gpio_common_all.o)
 .debug_frame   0x0000000000000870       0x70 ../libopencm3/lib/libopencm3_stm32l0.a(gpio_common_f0234.o)
 .debug_frame   0x00000000000008e0       0xc0 ../libopencm3/lib/libopencm3_stm32l0.a(rcc_common_all.o)
 .debug_frame   0x00000000000009a0      0x210 ../libopencm3/lib/libopencm3_stm32l0.a(adc_common_v2.o)
 .debug_frame   0x0000000000000bb0       0x40 ../libopencm3/lib/libopencm3_stm32l0.a(vector.o)
 .debug_frame   0x0000000000000bf0       0xd8 ../libopencm3/lib/libopencm3_stm32l0.a(systick.o)
 .debug_frame   0x0000000000000cc8       0x20 /usr/bin/../lib/gcc/arm-none-eabi/4.9.3/armv6-m/libgcc.a(_divsi3.o)

.debug_macro    0x0000000000000000     0x3953
 .debug_macro   0x0000000000000000       0xb5 ../libopencm3/lib/libopencm3_stm32l0.a(rcc.o)
 .debug_macro   0x00000000000000b5      0x820 ../libopencm3/lib/libopencm3_stm32l0.a(rcc.o)
 .debug_macro   0x00000000000008d5       0x22 ../libopencm3/lib/libopencm3_stm32l0.a(rcc.o)
 .debug_macro   0x00000000000008f7       0x44 ../libopencm3/lib/libopencm3_stm32l0.a(rcc.o)
 .debug_macro   0x000000000000093b       0xe3 ../libopencm3/lib/libopencm3_stm32l0.a(rcc.o)
 .debug_macro   0x0000000000000a1e       0x22 ../libopencm3/lib/libopencm3_stm32l0.a(rcc.o)
 .debug_macro   0x0000000000000a40      0x1df ../libopencm3/lib/libopencm3_stm32l0.a(rcc.o)
 .debug_macro   0x0000000000000c1f       0x22 ../libopencm3/lib/libopencm3_stm32l0.a(rcc.o)
 .debug_macro   0x0000000000000c41       0xfa ../libopencm3/lib/libopencm3_stm32l0.a(rcc.o)
 .debug_macro   0x0000000000000d3b       0x16 ../libopencm3/lib/libopencm3_stm32l0.a(rcc.o)
 .debug_macro   0x0000000000000d51       0x34 ../libopencm3/lib/libopencm3_stm32l0.a(rcc.o)
 .debug_macro   0x0000000000000d85      0x148 ../libopencm3/lib/libopencm3_stm32l0.a(rcc.o)
 .debug_macro   0x0000000000000ecd      0x8a4 ../libopencm3/lib/libopencm3_stm32l0.a(rcc.o)
 .debug_macro   0x0000000000001771       0xce ../libopencm3/lib/libopencm3_stm32l0.a(timer_common_all.o)
 .debug_macro   0x000000000000183f      0xf4d ../libopencm3/lib/libopencm3_stm32l0.a(timer_common_all.o)
 .debug_macro   0x000000000000278c      0x37a ../libopencm3/lib/libopencm3_stm32l0.a(timer_common_all.o)
 .debug_macro   0x0000000000002b06       0xc8 ../libopencm3/lib/libopencm3_stm32l0.a(gpio_common_all.o)
 .debug_macro   0x0000000000002bce       0x76 ../libopencm3/lib/libopencm3_stm32l0.a(gpio_common_all.o)
 .debug_macro   0x0000000000002c44      0x2e6 ../libopencm3/lib/libopencm3_stm32l0.a(gpio_common_all.o)
 .debug_macro   0x0000000000002f2a      0x14e ../libopencm3/lib/libopencm3_stm32l0.a(gpio_common_all.o)
 .debug_macro   0x0000000000003078       0x3a ../libopencm3/lib/libopencm3_stm32l0.a(gpio_common_all.o)
 .debug_macro   0x00000000000030b2       0xc8 ../libopencm3/lib/libopencm3_stm32l0.a(gpio_common_f0234.o)
 .debug_macro   0x000000000000317a       0xc0 ../libopencm3/lib/libopencm3_stm32l0.a(rcc_common_all.o)
 .debug_macro   0x000000000000323a       0xb3 ../libopencm3/lib/libopencm3_stm32l0.a(adc_common_v2.o)
 .debug_macro   0x00000000000032ed      0x182 ../libopencm3/lib/libopencm3_stm32l0.a(adc_common_v2.o)
 .debug_macro   0x000000000000346f       0x34 ../libopencm3/lib/libopencm3_stm32l0.a(adc_common_v2.o)
 .debug_macro   0x00000000000034a3       0x46 ../libopencm3/lib/libopencm3_stm32l0.a(adc_common_v2.o)
 .debug_macro   0x00000000000034e9       0xc1 ../libopencm3/lib/libopencm3_stm32l0.a(vector.o)
 .debug_macro   0x00000000000035aa      0x1b1 ../libopencm3/lib/libopencm3_stm32l0.a(vector.o)
 .debug_macro   0x000000000000375b       0x46 ../libopencm3/lib/libopencm3_stm32l0.a(vector.o)
 .debug_macro   0x00000000000037a1       0xca ../libopencm3/lib/libopencm3_stm32l0.a(vector.o)
 .debug_macro   0x000000000000386b       0x84 ../libopencm3/lib/libopencm3_stm32l0.a(systick.o)
 .debug_macro   0x00000000000038ef       0x64 ../libopencm3/lib/libopencm3_stm32l0.a(systick.o)
